---
http_interactions:
- request:
    method: get
    uri: https://api.twitter.com/1.1//users/show.json?screen_name=turingschool
    body:
      encoding: US-ASCII
      string: ''
    headers:
      Authorization:
      - Bearer AAAAAAAAAAAAAAAAAAAAAIb56AAAAAAAGvKPi5kyQcJvYQgPS9lzreJScoo%3DEiZBtjt3tieHsC2RfUln4vCBsSqoTu5wYedgD1IV9JIvEBdhLt
      Accept-Encoding:
      - gzip;q=1.0,deflate;q=0.6,identity;q=0.3
      Accept:
      - "*/*"
      User-Agent:
      - Ruby
  response:
    status:
      code: 200
      message: OK
    headers:
      Cache-Control:
      - no-cache, no-store, must-revalidate, pre-check=0, post-check=0
      Content-Disposition:
      - attachment; filename=json.json
      Content-Length:
      - '1314'
      Content-Type:
      - application/json;charset=utf-8
      Date:
      - Fri, 01 Jun 2018 03:04:49 GMT
      Expires:
      - Tue, 31 Mar 1981 05:00:00 GMT
      Last-Modified:
      - Fri, 01 Jun 2018 03:04:49 GMT
      Pragma:
      - no-cache
      Server:
      - tsa_a
      Set-Cookie:
      - guest_id=v1%3A152782228934778504; Expires=Sun, 31 May 2020 03:04:49 GMT; Path=/;
        Domain=.twitter.com
      - personalization_id="v1_Trf4x/nW4UB9fPr78mMA8Q=="; Expires=Sun, 31 May 2020
        03:04:49 GMT; Path=/; Domain=.twitter.com
      Status:
      - 200 OK
      Strict-Transport-Security:
      - max-age=631138519
      X-Access-Level:
      - read
      X-Connection-Hash:
      - 3107cad9bae3385632675779c249854f
      X-Content-Type-Options:
      - nosniff
      X-Frame-Options:
      - SAMEORIGIN
      X-Rate-Limit-Limit:
      - '900'
      X-Rate-Limit-Remaining:
      - '865'
      X-Rate-Limit-Reset:
      - '1527822409'
      X-Response-Time:
      - '27'
      X-Transaction:
      - 0062c4c4009695eb
      X-Twitter-Response-Tags:
      - BouncerCompliant
      X-Xss-Protection:
      - 1; mode=block; report=https://twitter.com/i/xss_report
    body:
      encoding: ASCII-8BIT
      string: '{"id":1973042528,"id_str":"1973042528","name":"Turing School","screen_name":"turingschool","location":"Denver,
        CO","profile_location":null,"description":"We unlock human potential by training
        a diverse, inclusive student body to succeed in high-fulfillment technical
        careers.","url":"https:\/\/t.co\/TrJ7G88hmO","entities":{"url":{"urls":[{"url":"https:\/\/t.co\/TrJ7G88hmO","expanded_url":"http:\/\/turing.io","display_url":"turing.io","indices":[0,23]}]},"description":{"urls":[]}},"protected":false,"followers_count":2749,"friends_count":587,"listed_count":139,"created_at":"Sat
        Oct 19 22:33:01 +0000 2013","favourites_count":2646,"utc_offset":null,"time_zone":null,"geo_enabled":true,"verified":false,"statuses_count":3894,"lang":"en","status":{"created_at":"Fri
        Jun 01 01:37:57 +0000 2018","id":1002363590651928577,"id_str":"1002363590651928577","text":"RT
        @a_reuster: 2 more reasons why @turingschool is awesome: 1. We make sure our
        students have solid foundations before we move them on 2. O\u2026","truncated":false,"entities":{"hashtags":[],"symbols":[],"user_mentions":[{"screen_name":"a_reuster","name":"Allison
        Reu Singer","id":4423193714,"id_str":"4423193714","indices":[3,13]},{"screen_name":"turingschool","name":"Turing
        School","id":1973042528,"id_str":"1973042528","indices":[34,47]}],"urls":[]},"source":"\u003ca
        href=\"http:\/\/twitter.com\/download\/iphone\" rel=\"nofollow\"\u003eTwitter
        for iPhone\u003c\/a\u003e","in_reply_to_status_id":null,"in_reply_to_status_id_str":null,"in_reply_to_user_id":null,"in_reply_to_user_id_str":null,"in_reply_to_screen_name":null,"geo":null,"coordinates":null,"place":null,"contributors":null,"retweeted_status":{"created_at":"Thu
        May 31 23:02:29 +0000 2018","id":1002324466276265984,"id_str":"1002324466276265984","text":"2
        more reasons why @turingschool is awesome: 1. We make sure our students have
        solid foundations before we move the\u2026 https:\/\/t.co\/KcWE071jiC","truncated":true,"entities":{"hashtags":[],"symbols":[],"user_mentions":[{"screen_name":"turingschool","name":"Turing
        School","id":1973042528,"id_str":"1973042528","indices":[19,32]}],"urls":[{"url":"https:\/\/t.co\/KcWE071jiC","expanded_url":"https:\/\/twitter.com\/i\/web\/status\/1002324466276265984","display_url":"twitter.com\/i\/web\/status\/1\u2026","indices":[117,140]}]},"source":"\u003ca
        href=\"http:\/\/twitter.com\/download\/iphone\" rel=\"nofollow\"\u003eTwitter
        for iPhone\u003c\/a\u003e","in_reply_to_status_id":null,"in_reply_to_status_id_str":null,"in_reply_to_user_id":null,"in_reply_to_user_id_str":null,"in_reply_to_screen_name":null,"geo":null,"coordinates":null,"place":null,"contributors":null,"is_quote_status":true,"quoted_status_id":1001494710177992704,"quoted_status_id_str":"1001494710177992704","retweet_count":1,"favorite_count":7,"favorited":false,"retweeted":false,"possibly_sensitive":false,"lang":"en"},"is_quote_status":true,"quoted_status_id":1001494710177992704,"quoted_status_id_str":"1001494710177992704","retweet_count":1,"favorite_count":0,"favorited":false,"retweeted":false,"lang":"en"},"contributors_enabled":false,"is_translator":false,"is_translation_enabled":false,"profile_background_color":"131516","profile_background_image_url":"http:\/\/abs.twimg.com\/images\/themes\/theme14\/bg.gif","profile_background_image_url_https":"https:\/\/abs.twimg.com\/images\/themes\/theme14\/bg.gif","profile_background_tile":true,"profile_image_url":"http:\/\/pbs.twimg.com\/profile_images\/444146105312243712\/EHdy1GyV_normal.png","profile_image_url_https":"https:\/\/pbs.twimg.com\/profile_images\/444146105312243712\/EHdy1GyV_normal.png","profile_banner_url":"https:\/\/pbs.twimg.com\/profile_banners\/1973042528\/1505944047","profile_link_color":"009999","profile_sidebar_border_color":"EEEEEE","profile_sidebar_fill_color":"EFEFEF","profile_text_color":"333333","profile_use_background_image":true,"has_extended_profile":false,"default_profile":false,"default_profile_image":false,"following":null,"follow_request_sent":null,"notifications":null,"translator_type":"none"}'
    http_version: 
  recorded_at: Fri, 01 Jun 2018 03:04:49 GMT
- request:
    method: get
    uri: https://api.twitter.com/1.1//users/show.json?screen_name=turingschool
    body:
      encoding: US-ASCII
      string: ''
    headers:
      Authorization:
      - Bearer AAAAAAAAAAAAAAAAAAAAAIb56AAAAAAAGvKPi5kyQcJvYQgPS9lzreJScoo%3DEiZBtjt3tieHsC2RfUln4vCBsSqoTu5wYedgD1IV9JIvEBdhLt
      Accept-Encoding:
      - gzip;q=1.0,deflate;q=0.6,identity;q=0.3
      Accept:
      - "*/*"
      User-Agent:
      - Ruby
  response:
    status:
      code: 200
      message: OK
    headers:
      Cache-Control:
      - no-cache, no-store, must-revalidate, pre-check=0, post-check=0
      Content-Disposition:
      - attachment; filename=json.json
      Content-Length:
      - '1314'
      Content-Type:
      - application/json;charset=utf-8
      Date:
      - Fri, 01 Jun 2018 03:04:49 GMT
      Expires:
      - Tue, 31 Mar 1981 05:00:00 GMT
      Last-Modified:
      - Fri, 01 Jun 2018 03:04:49 GMT
      Pragma:
      - no-cache
      Server:
      - tsa_a
      Set-Cookie:
      - guest_id=v1%3A152782228956091251; Expires=Sun, 31 May 2020 03:04:49 GMT; Path=/;
        Domain=.twitter.com
      - personalization_id="v1_lfx5+8PbftVfsZfw40zolQ=="; Expires=Sun, 31 May 2020
        03:04:49 GMT; Path=/; Domain=.twitter.com
      Status:
      - 200 OK
      Strict-Transport-Security:
      - max-age=631138519
      X-Access-Level:
      - read
      X-Connection-Hash:
      - 9a70201b99ccad74fe8e2e2cb074fb2a
      X-Content-Type-Options:
      - nosniff
      X-Frame-Options:
      - SAMEORIGIN
      X-Rate-Limit-Limit:
      - '900'
      X-Rate-Limit-Remaining:
      - '864'
      X-Rate-Limit-Reset:
      - '1527822409'
      X-Response-Time:
      - '29'
      X-Transaction:
      - 006d0c3800a6afa9
      X-Twitter-Response-Tags:
      - BouncerCompliant
      X-Xss-Protection:
      - 1; mode=block; report=https://twitter.com/i/xss_report
    body:
      encoding: ASCII-8BIT
      string: '{"id":1973042528,"id_str":"1973042528","name":"Turing School","screen_name":"turingschool","location":"Denver,
        CO","profile_location":null,"description":"We unlock human potential by training
        a diverse, inclusive student body to succeed in high-fulfillment technical
        careers.","url":"https:\/\/t.co\/TrJ7G88hmO","entities":{"url":{"urls":[{"url":"https:\/\/t.co\/TrJ7G88hmO","expanded_url":"http:\/\/turing.io","display_url":"turing.io","indices":[0,23]}]},"description":{"urls":[]}},"protected":false,"followers_count":2749,"friends_count":587,"listed_count":139,"created_at":"Sat
        Oct 19 22:33:01 +0000 2013","favourites_count":2646,"utc_offset":null,"time_zone":null,"geo_enabled":true,"verified":false,"statuses_count":3894,"lang":"en","status":{"created_at":"Fri
        Jun 01 01:37:57 +0000 2018","id":1002363590651928577,"id_str":"1002363590651928577","text":"RT
        @a_reuster: 2 more reasons why @turingschool is awesome: 1. We make sure our
        students have solid foundations before we move them on 2. O\u2026","truncated":false,"entities":{"hashtags":[],"symbols":[],"user_mentions":[{"screen_name":"a_reuster","name":"Allison
        Reu Singer","id":4423193714,"id_str":"4423193714","indices":[3,13]},{"screen_name":"turingschool","name":"Turing
        School","id":1973042528,"id_str":"1973042528","indices":[34,47]}],"urls":[]},"source":"\u003ca
        href=\"http:\/\/twitter.com\/download\/iphone\" rel=\"nofollow\"\u003eTwitter
        for iPhone\u003c\/a\u003e","in_reply_to_status_id":null,"in_reply_to_status_id_str":null,"in_reply_to_user_id":null,"in_reply_to_user_id_str":null,"in_reply_to_screen_name":null,"geo":null,"coordinates":null,"place":null,"contributors":null,"retweeted_status":{"created_at":"Thu
        May 31 23:02:29 +0000 2018","id":1002324466276265984,"id_str":"1002324466276265984","text":"2
        more reasons why @turingschool is awesome: 1. We make sure our students have
        solid foundations before we move the\u2026 https:\/\/t.co\/KcWE071jiC","truncated":true,"entities":{"hashtags":[],"symbols":[],"user_mentions":[{"screen_name":"turingschool","name":"Turing
        School","id":1973042528,"id_str":"1973042528","indices":[19,32]}],"urls":[{"url":"https:\/\/t.co\/KcWE071jiC","expanded_url":"https:\/\/twitter.com\/i\/web\/status\/1002324466276265984","display_url":"twitter.com\/i\/web\/status\/1\u2026","indices":[117,140]}]},"source":"\u003ca
        href=\"http:\/\/twitter.com\/download\/iphone\" rel=\"nofollow\"\u003eTwitter
        for iPhone\u003c\/a\u003e","in_reply_to_status_id":null,"in_reply_to_status_id_str":null,"in_reply_to_user_id":null,"in_reply_to_user_id_str":null,"in_reply_to_screen_name":null,"geo":null,"coordinates":null,"place":null,"contributors":null,"is_quote_status":true,"quoted_status_id":1001494710177992704,"quoted_status_id_str":"1001494710177992704","retweet_count":1,"favorite_count":7,"favorited":false,"retweeted":false,"possibly_sensitive":false,"lang":"en"},"is_quote_status":true,"quoted_status_id":1001494710177992704,"quoted_status_id_str":"1001494710177992704","retweet_count":1,"favorite_count":0,"favorited":false,"retweeted":false,"lang":"en"},"contributors_enabled":false,"is_translator":false,"is_translation_enabled":false,"profile_background_color":"131516","profile_background_image_url":"http:\/\/abs.twimg.com\/images\/themes\/theme14\/bg.gif","profile_background_image_url_https":"https:\/\/abs.twimg.com\/images\/themes\/theme14\/bg.gif","profile_background_tile":true,"profile_image_url":"http:\/\/pbs.twimg.com\/profile_images\/444146105312243712\/EHdy1GyV_normal.png","profile_image_url_https":"https:\/\/pbs.twimg.com\/profile_images\/444146105312243712\/EHdy1GyV_normal.png","profile_banner_url":"https:\/\/pbs.twimg.com\/profile_banners\/1973042528\/1505944047","profile_link_color":"009999","profile_sidebar_border_color":"EEEEEE","profile_sidebar_fill_color":"EFEFEF","profile_text_color":"333333","profile_use_background_image":true,"has_extended_profile":false,"default_profile":false,"default_profile_image":false,"following":null,"follow_request_sent":null,"notifications":null,"translator_type":"none"}'
    http_version: 
  recorded_at: Fri, 01 Jun 2018 03:04:49 GMT
- request:
    method: get
    uri: https://api.twitter.com/1.1//users/show.json?screen_name=turingschool
    body:
      encoding: US-ASCII
      string: ''
    headers:
      Authorization:
      - Bearer AAAAAAAAAAAAAAAAAAAAAIb56AAAAAAAGvKPi5kyQcJvYQgPS9lzreJScoo%3DEiZBtjt3tieHsC2RfUln4vCBsSqoTu5wYedgD1IV9JIvEBdhLt
      Accept-Encoding:
      - gzip;q=1.0,deflate;q=0.6,identity;q=0.3
      Accept:
      - "*/*"
      User-Agent:
      - Ruby
  response:
    status:
      code: 200
      message: OK
    headers:
      Cache-Control:
      - no-cache, no-store, must-revalidate, pre-check=0, post-check=0
      Content-Disposition:
      - attachment; filename=json.json
      Content-Length:
      - '1314'
      Content-Type:
      - application/json;charset=utf-8
      Date:
      - Fri, 01 Jun 2018 03:04:49 GMT
      Expires:
      - Tue, 31 Mar 1981 05:00:00 GMT
      Last-Modified:
      - Fri, 01 Jun 2018 03:04:49 GMT
      Pragma:
      - no-cache
      Server:
      - tsa_a
      Set-Cookie:
      - guest_id=v1%3A152782228978797332; Expires=Sun, 31 May 2020 03:04:49 GMT; Path=/;
        Domain=.twitter.com
      - personalization_id="v1_46gmEt6rsRIk7vspurSUOQ=="; Expires=Sun, 31 May 2020
        03:04:49 GMT; Path=/; Domain=.twitter.com
      Status:
      - 200 OK
      Strict-Transport-Security:
      - max-age=631138519
      X-Access-Level:
      - read
      X-Connection-Hash:
      - 14fef121cd7be437f43557a8c3a04b0e
      X-Content-Type-Options:
      - nosniff
      X-Frame-Options:
      - SAMEORIGIN
      X-Rate-Limit-Limit:
      - '900'
      X-Rate-Limit-Remaining:
      - '863'
      X-Rate-Limit-Reset:
      - '1527822409'
      X-Response-Time:
      - '26'
      X-Transaction:
      - '00874c24003301ef'
      X-Twitter-Response-Tags:
      - BouncerCompliant
      X-Xss-Protection:
      - 1; mode=block; report=https://twitter.com/i/xss_report
    body:
      encoding: ASCII-8BIT
      string: '{"id":1973042528,"id_str":"1973042528","name":"Turing School","screen_name":"turingschool","location":"Denver,
        CO","profile_location":null,"description":"We unlock human potential by training
        a diverse, inclusive student body to succeed in high-fulfillment technical
        careers.","url":"https:\/\/t.co\/TrJ7G88hmO","entities":{"url":{"urls":[{"url":"https:\/\/t.co\/TrJ7G88hmO","expanded_url":"http:\/\/turing.io","display_url":"turing.io","indices":[0,23]}]},"description":{"urls":[]}},"protected":false,"followers_count":2749,"friends_count":587,"listed_count":139,"created_at":"Sat
        Oct 19 22:33:01 +0000 2013","favourites_count":2646,"utc_offset":null,"time_zone":null,"geo_enabled":true,"verified":false,"statuses_count":3894,"lang":"en","status":{"created_at":"Fri
        Jun 01 01:37:57 +0000 2018","id":1002363590651928577,"id_str":"1002363590651928577","text":"RT
        @a_reuster: 2 more reasons why @turingschool is awesome: 1. We make sure our
        students have solid foundations before we move them on 2. O\u2026","truncated":false,"entities":{"hashtags":[],"symbols":[],"user_mentions":[{"screen_name":"a_reuster","name":"Allison
        Reu Singer","id":4423193714,"id_str":"4423193714","indices":[3,13]},{"screen_name":"turingschool","name":"Turing
        School","id":1973042528,"id_str":"1973042528","indices":[34,47]}],"urls":[]},"source":"\u003ca
        href=\"http:\/\/twitter.com\/download\/iphone\" rel=\"nofollow\"\u003eTwitter
        for iPhone\u003c\/a\u003e","in_reply_to_status_id":null,"in_reply_to_status_id_str":null,"in_reply_to_user_id":null,"in_reply_to_user_id_str":null,"in_reply_to_screen_name":null,"geo":null,"coordinates":null,"place":null,"contributors":null,"retweeted_status":{"created_at":"Thu
        May 31 23:02:29 +0000 2018","id":1002324466276265984,"id_str":"1002324466276265984","text":"2
        more reasons why @turingschool is awesome: 1. We make sure our students have
        solid foundations before we move the\u2026 https:\/\/t.co\/KcWE071jiC","truncated":true,"entities":{"hashtags":[],"symbols":[],"user_mentions":[{"screen_name":"turingschool","name":"Turing
        School","id":1973042528,"id_str":"1973042528","indices":[19,32]}],"urls":[{"url":"https:\/\/t.co\/KcWE071jiC","expanded_url":"https:\/\/twitter.com\/i\/web\/status\/1002324466276265984","display_url":"twitter.com\/i\/web\/status\/1\u2026","indices":[117,140]}]},"source":"\u003ca
        href=\"http:\/\/twitter.com\/download\/iphone\" rel=\"nofollow\"\u003eTwitter
        for iPhone\u003c\/a\u003e","in_reply_to_status_id":null,"in_reply_to_status_id_str":null,"in_reply_to_user_id":null,"in_reply_to_user_id_str":null,"in_reply_to_screen_name":null,"geo":null,"coordinates":null,"place":null,"contributors":null,"is_quote_status":true,"quoted_status_id":1001494710177992704,"quoted_status_id_str":"1001494710177992704","retweet_count":1,"favorite_count":7,"favorited":false,"retweeted":false,"possibly_sensitive":false,"lang":"en"},"is_quote_status":true,"quoted_status_id":1001494710177992704,"quoted_status_id_str":"1001494710177992704","retweet_count":1,"favorite_count":0,"favorited":false,"retweeted":false,"lang":"en"},"contributors_enabled":false,"is_translator":false,"is_translation_enabled":false,"profile_background_color":"131516","profile_background_image_url":"http:\/\/abs.twimg.com\/images\/themes\/theme14\/bg.gif","profile_background_image_url_https":"https:\/\/abs.twimg.com\/images\/themes\/theme14\/bg.gif","profile_background_tile":true,"profile_image_url":"http:\/\/pbs.twimg.com\/profile_images\/444146105312243712\/EHdy1GyV_normal.png","profile_image_url_https":"https:\/\/pbs.twimg.com\/profile_images\/444146105312243712\/EHdy1GyV_normal.png","profile_banner_url":"https:\/\/pbs.twimg.com\/profile_banners\/1973042528\/1505944047","profile_link_color":"009999","profile_sidebar_border_color":"EEEEEE","profile_sidebar_fill_color":"EFEFEF","profile_text_color":"333333","profile_use_background_image":true,"has_extended_profile":false,"default_profile":false,"default_profile_image":false,"following":null,"follow_request_sent":null,"notifications":null,"translator_type":"none"}'
    http_version: 
  recorded_at: Fri, 01 Jun 2018 03:04:49 GMT
- request:
    method: get
    uri: https://api.twitter.com/1.1//users/show.json?screen_name=turingschool
    body:
      encoding: US-ASCII
      string: ''
    headers:
      Authorization:
      - Bearer AAAAAAAAAAAAAAAAAAAAAIb56AAAAAAAGvKPi5kyQcJvYQgPS9lzreJScoo%3DEiZBtjt3tieHsC2RfUln4vCBsSqoTu5wYedgD1IV9JIvEBdhLt
      Accept-Encoding:
      - gzip;q=1.0,deflate;q=0.6,identity;q=0.3
      Accept:
      - "*/*"
      User-Agent:
      - Ruby
  response:
    status:
      code: 200
      message: OK
    headers:
      Cache-Control:
      - no-cache, no-store, must-revalidate, pre-check=0, post-check=0
      Content-Disposition:
      - attachment; filename=json.json
      Content-Length:
      - '1314'
      Content-Type:
      - application/json;charset=utf-8
      Date:
      - Fri, 01 Jun 2018 03:04:50 GMT
      Expires:
      - Tue, 31 Mar 1981 05:00:00 GMT
      Last-Modified:
      - Fri, 01 Jun 2018 03:04:50 GMT
      Pragma:
      - no-cache
      Server:
      - tsa_a
      Set-Cookie:
      - guest_id=v1%3A152782228999965529; Expires=Sun, 31 May 2020 03:04:50 GMT; Path=/;
        Domain=.twitter.com
      - personalization_id="v1_nYJ2esg8+BryhMAFow6EYw=="; Expires=Sun, 31 May 2020
        03:04:50 GMT; Path=/; Domain=.twitter.com
      Status:
      - 200 OK
      Strict-Transport-Security:
      - max-age=631138519
      X-Access-Level:
      - read
      X-Connection-Hash:
      - 7bdc19723af337d3007d1403091b8a82
      X-Content-Type-Options:
      - nosniff
      X-Frame-Options:
      - SAMEORIGIN
      X-Rate-Limit-Limit:
      - '900'
      X-Rate-Limit-Remaining:
      - '862'
      X-Rate-Limit-Reset:
      - '1527822409'
      X-Response-Time:
      - '97'
      X-Transaction:
      - 00bbad9400aba6b9
      X-Twitter-Response-Tags:
      - BouncerCompliant
      X-Xss-Protection:
      - 1; mode=block; report=https://twitter.com/i/xss_report
    body:
      encoding: ASCII-8BIT
      string: '{"id":1973042528,"id_str":"1973042528","name":"Turing School","screen_name":"turingschool","location":"Denver,
        CO","profile_location":null,"description":"We unlock human potential by training
        a diverse, inclusive student body to succeed in high-fulfillment technical
        careers.","url":"https:\/\/t.co\/TrJ7G88hmO","entities":{"url":{"urls":[{"url":"https:\/\/t.co\/TrJ7G88hmO","expanded_url":"http:\/\/turing.io","display_url":"turing.io","indices":[0,23]}]},"description":{"urls":[]}},"protected":false,"followers_count":2749,"friends_count":587,"listed_count":139,"created_at":"Sat
        Oct 19 22:33:01 +0000 2013","favourites_count":2646,"utc_offset":null,"time_zone":null,"geo_enabled":true,"verified":false,"statuses_count":3894,"lang":"en","status":{"created_at":"Fri
        Jun 01 01:37:57 +0000 2018","id":1002363590651928577,"id_str":"1002363590651928577","text":"RT
        @a_reuster: 2 more reasons why @turingschool is awesome: 1. We make sure our
        students have solid foundations before we move them on 2. O\u2026","truncated":false,"entities":{"hashtags":[],"symbols":[],"user_mentions":[{"screen_name":"a_reuster","name":"Allison
        Reu Singer","id":4423193714,"id_str":"4423193714","indices":[3,13]},{"screen_name":"turingschool","name":"Turing
        School","id":1973042528,"id_str":"1973042528","indices":[34,47]}],"urls":[]},"source":"\u003ca
        href=\"http:\/\/twitter.com\/download\/iphone\" rel=\"nofollow\"\u003eTwitter
        for iPhone\u003c\/a\u003e","in_reply_to_status_id":null,"in_reply_to_status_id_str":null,"in_reply_to_user_id":null,"in_reply_to_user_id_str":null,"in_reply_to_screen_name":null,"geo":null,"coordinates":null,"place":null,"contributors":null,"retweeted_status":{"created_at":"Thu
        May 31 23:02:29 +0000 2018","id":1002324466276265984,"id_str":"1002324466276265984","text":"2
        more reasons why @turingschool is awesome: 1. We make sure our students have
        solid foundations before we move the\u2026 https:\/\/t.co\/KcWE071jiC","truncated":true,"entities":{"hashtags":[],"symbols":[],"user_mentions":[{"screen_name":"turingschool","name":"Turing
        School","id":1973042528,"id_str":"1973042528","indices":[19,32]}],"urls":[{"url":"https:\/\/t.co\/KcWE071jiC","expanded_url":"https:\/\/twitter.com\/i\/web\/status\/1002324466276265984","display_url":"twitter.com\/i\/web\/status\/1\u2026","indices":[117,140]}]},"source":"\u003ca
        href=\"http:\/\/twitter.com\/download\/iphone\" rel=\"nofollow\"\u003eTwitter
        for iPhone\u003c\/a\u003e","in_reply_to_status_id":null,"in_reply_to_status_id_str":null,"in_reply_to_user_id":null,"in_reply_to_user_id_str":null,"in_reply_to_screen_name":null,"geo":null,"coordinates":null,"place":null,"contributors":null,"is_quote_status":true,"quoted_status_id":1001494710177992704,"quoted_status_id_str":"1001494710177992704","retweet_count":1,"favorite_count":7,"favorited":false,"retweeted":false,"possibly_sensitive":false,"lang":"en"},"is_quote_status":true,"quoted_status_id":1001494710177992704,"quoted_status_id_str":"1001494710177992704","retweet_count":1,"favorite_count":0,"favorited":false,"retweeted":false,"lang":"en"},"contributors_enabled":false,"is_translator":false,"is_translation_enabled":false,"profile_background_color":"131516","profile_background_image_url":"http:\/\/abs.twimg.com\/images\/themes\/theme14\/bg.gif","profile_background_image_url_https":"https:\/\/abs.twimg.com\/images\/themes\/theme14\/bg.gif","profile_background_tile":true,"profile_image_url":"http:\/\/pbs.twimg.com\/profile_images\/444146105312243712\/EHdy1GyV_normal.png","profile_image_url_https":"https:\/\/pbs.twimg.com\/profile_images\/444146105312243712\/EHdy1GyV_normal.png","profile_banner_url":"https:\/\/pbs.twimg.com\/profile_banners\/1973042528\/1505944047","profile_link_color":"009999","profile_sidebar_border_color":"EEEEEE","profile_sidebar_fill_color":"EFEFEF","profile_text_color":"333333","profile_use_background_image":true,"has_extended_profile":false,"default_profile":false,"default_profile_image":false,"following":null,"follow_request_sent":null,"notifications":null,"translator_type":"none"}'
    http_version: 
  recorded_at: Fri, 01 Jun 2018 03:04:50 GMT
- request:
    method: get
    uri: https://api.twitter.com/1.1//users/show.json?screen_name=turingschool
    body:
      encoding: US-ASCII
      string: ''
    headers:
      Authorization:
      - Bearer AAAAAAAAAAAAAAAAAAAAAIb56AAAAAAAGvKPi5kyQcJvYQgPS9lzreJScoo%3DEiZBtjt3tieHsC2RfUln4vCBsSqoTu5wYedgD1IV9JIvEBdhLt
      Accept-Encoding:
      - gzip;q=1.0,deflate;q=0.6,identity;q=0.3
      Accept:
      - "*/*"
      User-Agent:
      - Ruby
  response:
    status:
      code: 200
      message: OK
    headers:
      Cache-Control:
      - no-cache, no-store, must-revalidate, pre-check=0, post-check=0
      Content-Disposition:
      - attachment; filename=json.json
      Content-Length:
      - '1314'
      Content-Type:
      - application/json;charset=utf-8
      Date:
      - Fri, 01 Jun 2018 03:04:50 GMT
      Expires:
      - Tue, 31 Mar 1981 05:00:00 GMT
      Last-Modified:
      - Fri, 01 Jun 2018 03:04:50 GMT
      Pragma:
      - no-cache
      Server:
      - tsa_a
      Set-Cookie:
      - guest_id=v1%3A152782229028200762; Expires=Sun, 31 May 2020 03:04:50 GMT; Path=/;
        Domain=.twitter.com
      - personalization_id="v1_6F+osFcbKCpxEwupj7td2A=="; Expires=Sun, 31 May 2020
        03:04:50 GMT; Path=/; Domain=.twitter.com
      Status:
      - 200 OK
      Strict-Transport-Security:
      - max-age=631138519
      X-Access-Level:
      - read
      X-Connection-Hash:
      - a73085817bdd8836df71d3bc35b0c343
      X-Content-Type-Options:
      - nosniff
      X-Frame-Options:
      - SAMEORIGIN
      X-Rate-Limit-Limit:
      - '900'
      X-Rate-Limit-Remaining:
      - '861'
      X-Rate-Limit-Reset:
      - '1527822409'
      X-Response-Time:
      - '28'
      X-Transaction:
      - 00b1aaaf00be376a
      X-Twitter-Response-Tags:
      - BouncerCompliant
      X-Xss-Protection:
      - 1; mode=block; report=https://twitter.com/i/xss_report
    body:
      encoding: ASCII-8BIT
      string: '{"id":1973042528,"id_str":"1973042528","name":"Turing School","screen_name":"turingschool","location":"Denver,
        CO","profile_location":null,"description":"We unlock human potential by training
        a diverse, inclusive student body to succeed in high-fulfillment technical
        careers.","url":"https:\/\/t.co\/TrJ7G88hmO","entities":{"url":{"urls":[{"url":"https:\/\/t.co\/TrJ7G88hmO","expanded_url":"http:\/\/turing.io","display_url":"turing.io","indices":[0,23]}]},"description":{"urls":[]}},"protected":false,"followers_count":2749,"friends_count":587,"listed_count":139,"created_at":"Sat
        Oct 19 22:33:01 +0000 2013","favourites_count":2646,"utc_offset":null,"time_zone":null,"geo_enabled":true,"verified":false,"statuses_count":3894,"lang":"en","status":{"created_at":"Fri
        Jun 01 01:37:57 +0000 2018","id":1002363590651928577,"id_str":"1002363590651928577","text":"RT
        @a_reuster: 2 more reasons why @turingschool is awesome: 1. We make sure our
        students have solid foundations before we move them on 2. O\u2026","truncated":false,"entities":{"hashtags":[],"symbols":[],"user_mentions":[{"screen_name":"a_reuster","name":"Allison
        Reu Singer","id":4423193714,"id_str":"4423193714","indices":[3,13]},{"screen_name":"turingschool","name":"Turing
        School","id":1973042528,"id_str":"1973042528","indices":[34,47]}],"urls":[]},"source":"\u003ca
        href=\"http:\/\/twitter.com\/download\/iphone\" rel=\"nofollow\"\u003eTwitter
        for iPhone\u003c\/a\u003e","in_reply_to_status_id":null,"in_reply_to_status_id_str":null,"in_reply_to_user_id":null,"in_reply_to_user_id_str":null,"in_reply_to_screen_name":null,"geo":null,"coordinates":null,"place":null,"contributors":null,"retweeted_status":{"created_at":"Thu
        May 31 23:02:29 +0000 2018","id":1002324466276265984,"id_str":"1002324466276265984","text":"2
        more reasons why @turingschool is awesome: 1. We make sure our students have
        solid foundations before we move the\u2026 https:\/\/t.co\/KcWE071jiC","truncated":true,"entities":{"hashtags":[],"symbols":[],"user_mentions":[{"screen_name":"turingschool","name":"Turing
        School","id":1973042528,"id_str":"1973042528","indices":[19,32]}],"urls":[{"url":"https:\/\/t.co\/KcWE071jiC","expanded_url":"https:\/\/twitter.com\/i\/web\/status\/1002324466276265984","display_url":"twitter.com\/i\/web\/status\/1\u2026","indices":[117,140]}]},"source":"\u003ca
        href=\"http:\/\/twitter.com\/download\/iphone\" rel=\"nofollow\"\u003eTwitter
        for iPhone\u003c\/a\u003e","in_reply_to_status_id":null,"in_reply_to_status_id_str":null,"in_reply_to_user_id":null,"in_reply_to_user_id_str":null,"in_reply_to_screen_name":null,"geo":null,"coordinates":null,"place":null,"contributors":null,"is_quote_status":true,"quoted_status_id":1001494710177992704,"quoted_status_id_str":"1001494710177992704","retweet_count":1,"favorite_count":7,"favorited":false,"retweeted":false,"possibly_sensitive":false,"lang":"en"},"is_quote_status":true,"quoted_status_id":1001494710177992704,"quoted_status_id_str":"1001494710177992704","retweet_count":1,"favorite_count":0,"favorited":false,"retweeted":false,"lang":"en"},"contributors_enabled":false,"is_translator":false,"is_translation_enabled":false,"profile_background_color":"131516","profile_background_image_url":"http:\/\/abs.twimg.com\/images\/themes\/theme14\/bg.gif","profile_background_image_url_https":"https:\/\/abs.twimg.com\/images\/themes\/theme14\/bg.gif","profile_background_tile":true,"profile_image_url":"http:\/\/pbs.twimg.com\/profile_images\/444146105312243712\/EHdy1GyV_normal.png","profile_image_url_https":"https:\/\/pbs.twimg.com\/profile_images\/444146105312243712\/EHdy1GyV_normal.png","profile_banner_url":"https:\/\/pbs.twimg.com\/profile_banners\/1973042528\/1505944047","profile_link_color":"009999","profile_sidebar_border_color":"EEEEEE","profile_sidebar_fill_color":"EFEFEF","profile_text_color":"333333","profile_use_background_image":true,"has_extended_profile":false,"default_profile":false,"default_profile_image":false,"following":null,"follow_request_sent":null,"notifications":null,"translator_type":"none"}'
    http_version: 
  recorded_at: Fri, 01 Jun 2018 03:04:50 GMT
- request:
    method: get
    uri: https://api.twitter.com/1.1//users/show.json?screen_name=turingschool
    body:
      encoding: US-ASCII
      string: ''
    headers:
      Authorization:
      - Bearer AAAAAAAAAAAAAAAAAAAAAIb56AAAAAAAGvKPi5kyQcJvYQgPS9lzreJScoo%3DEiZBtjt3tieHsC2RfUln4vCBsSqoTu5wYedgD1IV9JIvEBdhLt
      Accept-Encoding:
      - gzip;q=1.0,deflate;q=0.6,identity;q=0.3
      Accept:
      - "*/*"
      User-Agent:
      - Ruby
  response:
    status:
      code: 200
      message: OK
    headers:
      Cache-Control:
      - no-cache, no-store, must-revalidate, pre-check=0, post-check=0
      Content-Disposition:
      - attachment; filename=json.json
      Content-Length:
      - '1314'
      Content-Type:
      - application/json;charset=utf-8
      Date:
      - Fri, 01 Jun 2018 03:04:50 GMT
      Expires:
      - Tue, 31 Mar 1981 05:00:00 GMT
      Last-Modified:
      - Fri, 01 Jun 2018 03:04:50 GMT
      Pragma:
      - no-cache
      Server:
      - tsa_a
      Set-Cookie:
      - guest_id=v1%3A152782229049666570; Expires=Sun, 31 May 2020 03:04:50 GMT; Path=/;
        Domain=.twitter.com
      - personalization_id="v1_8qoV6IFFF1AjnivTWxZFbg=="; Expires=Sun, 31 May 2020
        03:04:50 GMT; Path=/; Domain=.twitter.com
      Status:
      - 200 OK
      Strict-Transport-Security:
      - max-age=631138519
      X-Access-Level:
      - read
      X-Connection-Hash:
      - 41ab38c0fae66116f3522b0db1447c4d
      X-Content-Type-Options:
      - nosniff
      X-Frame-Options:
      - SAMEORIGIN
      X-Rate-Limit-Limit:
      - '900'
      X-Rate-Limit-Remaining:
      - '860'
      X-Rate-Limit-Reset:
      - '1527822409'
      X-Response-Time:
      - '29'
      X-Transaction:
      - 001dfbe900c46cba
      X-Twitter-Response-Tags:
      - BouncerCompliant
      X-Xss-Protection:
      - 1; mode=block; report=https://twitter.com/i/xss_report
    body:
      encoding: ASCII-8BIT
      string: '{"id":1973042528,"id_str":"1973042528","name":"Turing School","screen_name":"turingschool","location":"Denver,
        CO","profile_location":null,"description":"We unlock human potential by training
        a diverse, inclusive student body to succeed in high-fulfillment technical
        careers.","url":"https:\/\/t.co\/TrJ7G88hmO","entities":{"url":{"urls":[{"url":"https:\/\/t.co\/TrJ7G88hmO","expanded_url":"http:\/\/turing.io","display_url":"turing.io","indices":[0,23]}]},"description":{"urls":[]}},"protected":false,"followers_count":2749,"friends_count":587,"listed_count":139,"created_at":"Sat
        Oct 19 22:33:01 +0000 2013","favourites_count":2646,"utc_offset":null,"time_zone":null,"geo_enabled":true,"verified":false,"statuses_count":3894,"lang":"en","status":{"created_at":"Fri
        Jun 01 01:37:57 +0000 2018","id":1002363590651928577,"id_str":"1002363590651928577","text":"RT
        @a_reuster: 2 more reasons why @turingschool is awesome: 1. We make sure our
        students have solid foundations before we move them on 2. O\u2026","truncated":false,"entities":{"hashtags":[],"symbols":[],"user_mentions":[{"screen_name":"a_reuster","name":"Allison
        Reu Singer","id":4423193714,"id_str":"4423193714","indices":[3,13]},{"screen_name":"turingschool","name":"Turing
        School","id":1973042528,"id_str":"1973042528","indices":[34,47]}],"urls":[]},"source":"\u003ca
        href=\"http:\/\/twitter.com\/download\/iphone\" rel=\"nofollow\"\u003eTwitter
        for iPhone\u003c\/a\u003e","in_reply_to_status_id":null,"in_reply_to_status_id_str":null,"in_reply_to_user_id":null,"in_reply_to_user_id_str":null,"in_reply_to_screen_name":null,"geo":null,"coordinates":null,"place":null,"contributors":null,"retweeted_status":{"created_at":"Thu
        May 31 23:02:29 +0000 2018","id":1002324466276265984,"id_str":"1002324466276265984","text":"2
        more reasons why @turingschool is awesome: 1. We make sure our students have
        solid foundations before we move the\u2026 https:\/\/t.co\/KcWE071jiC","truncated":true,"entities":{"hashtags":[],"symbols":[],"user_mentions":[{"screen_name":"turingschool","name":"Turing
        School","id":1973042528,"id_str":"1973042528","indices":[19,32]}],"urls":[{"url":"https:\/\/t.co\/KcWE071jiC","expanded_url":"https:\/\/twitter.com\/i\/web\/status\/1002324466276265984","display_url":"twitter.com\/i\/web\/status\/1\u2026","indices":[117,140]}]},"source":"\u003ca
        href=\"http:\/\/twitter.com\/download\/iphone\" rel=\"nofollow\"\u003eTwitter
        for iPhone\u003c\/a\u003e","in_reply_to_status_id":null,"in_reply_to_status_id_str":null,"in_reply_to_user_id":null,"in_reply_to_user_id_str":null,"in_reply_to_screen_name":null,"geo":null,"coordinates":null,"place":null,"contributors":null,"is_quote_status":true,"quoted_status_id":1001494710177992704,"quoted_status_id_str":"1001494710177992704","retweet_count":1,"favorite_count":7,"favorited":false,"retweeted":false,"possibly_sensitive":false,"lang":"en"},"is_quote_status":true,"quoted_status_id":1001494710177992704,"quoted_status_id_str":"1001494710177992704","retweet_count":1,"favorite_count":0,"favorited":false,"retweeted":false,"lang":"en"},"contributors_enabled":false,"is_translator":false,"is_translation_enabled":false,"profile_background_color":"131516","profile_background_image_url":"http:\/\/abs.twimg.com\/images\/themes\/theme14\/bg.gif","profile_background_image_url_https":"https:\/\/abs.twimg.com\/images\/themes\/theme14\/bg.gif","profile_background_tile":true,"profile_image_url":"http:\/\/pbs.twimg.com\/profile_images\/444146105312243712\/EHdy1GyV_normal.png","profile_image_url_https":"https:\/\/pbs.twimg.com\/profile_images\/444146105312243712\/EHdy1GyV_normal.png","profile_banner_url":"https:\/\/pbs.twimg.com\/profile_banners\/1973042528\/1505944047","profile_link_color":"009999","profile_sidebar_border_color":"EEEEEE","profile_sidebar_fill_color":"EFEFEF","profile_text_color":"333333","profile_use_background_image":true,"has_extended_profile":false,"default_profile":false,"default_profile_image":false,"following":null,"follow_request_sent":null,"notifications":null,"translator_type":"none"}'
    http_version: 
  recorded_at: Fri, 01 Jun 2018 03:04:50 GMT
- request:
    method: get
    uri: https://api.twitter.com/1.1//users/show.json?screen_name=turingschool
    body:
      encoding: US-ASCII
      string: ''
    headers:
      Authorization:
      - Bearer AAAAAAAAAAAAAAAAAAAAAIb56AAAAAAAGvKPi5kyQcJvYQgPS9lzreJScoo%3DEiZBtjt3tieHsC2RfUln4vCBsSqoTu5wYedgD1IV9JIvEBdhLt
      Accept-Encoding:
      - gzip;q=1.0,deflate;q=0.6,identity;q=0.3
      Accept:
      - "*/*"
      User-Agent:
      - Ruby
  response:
    status:
      code: 200
      message: OK
    headers:
      Cache-Control:
      - no-cache, no-store, must-revalidate, pre-check=0, post-check=0
      Content-Disposition:
      - attachment; filename=json.json
      Content-Length:
      - '1314'
      Content-Type:
      - application/json;charset=utf-8
      Date:
      - Fri, 01 Jun 2018 03:04:50 GMT
      Expires:
      - Tue, 31 Mar 1981 05:00:00 GMT
      Last-Modified:
      - Fri, 01 Jun 2018 03:04:50 GMT
      Pragma:
      - no-cache
      Server:
      - tsa_a
      Set-Cookie:
      - guest_id=v1%3A152782229071282367; Expires=Sun, 31 May 2020 03:04:50 GMT; Path=/;
        Domain=.twitter.com
      - personalization_id="v1_+rYB+Oj55C5hfGCD3euvcQ=="; Expires=Sun, 31 May 2020
        03:04:50 GMT; Path=/; Domain=.twitter.com
      Status:
      - 200 OK
      Strict-Transport-Security:
      - max-age=631138519
      X-Access-Level:
      - read
      X-Connection-Hash:
      - cdb4c1b048472f116ce620bdc46df2bb
      X-Content-Type-Options:
      - nosniff
      X-Frame-Options:
      - SAMEORIGIN
      X-Rate-Limit-Limit:
      - '900'
      X-Rate-Limit-Remaining:
      - '859'
      X-Rate-Limit-Reset:
      - '1527822409'
      X-Response-Time:
      - '30'
      X-Transaction:
      - 00b273c80055de80
      X-Twitter-Response-Tags:
      - BouncerCompliant
      X-Xss-Protection:
      - 1; mode=block; report=https://twitter.com/i/xss_report
    body:
      encoding: ASCII-8BIT
      string: '{"id":1973042528,"id_str":"1973042528","name":"Turing School","screen_name":"turingschool","location":"Denver,
        CO","profile_location":null,"description":"We unlock human potential by training
        a diverse, inclusive student body to succeed in high-fulfillment technical
        careers.","url":"https:\/\/t.co\/TrJ7G88hmO","entities":{"url":{"urls":[{"url":"https:\/\/t.co\/TrJ7G88hmO","expanded_url":"http:\/\/turing.io","display_url":"turing.io","indices":[0,23]}]},"description":{"urls":[]}},"protected":false,"followers_count":2749,"friends_count":587,"listed_count":139,"created_at":"Sat
        Oct 19 22:33:01 +0000 2013","favourites_count":2646,"utc_offset":null,"time_zone":null,"geo_enabled":true,"verified":false,"statuses_count":3894,"lang":"en","status":{"created_at":"Fri
        Jun 01 01:37:57 +0000 2018","id":1002363590651928577,"id_str":"1002363590651928577","text":"RT
        @a_reuster: 2 more reasons why @turingschool is awesome: 1. We make sure our
        students have solid foundations before we move them on 2. O\u2026","truncated":false,"entities":{"hashtags":[],"symbols":[],"user_mentions":[{"screen_name":"a_reuster","name":"Allison
        Reu Singer","id":4423193714,"id_str":"4423193714","indices":[3,13]},{"screen_name":"turingschool","name":"Turing
        School","id":1973042528,"id_str":"1973042528","indices":[34,47]}],"urls":[]},"source":"\u003ca
        href=\"http:\/\/twitter.com\/download\/iphone\" rel=\"nofollow\"\u003eTwitter
        for iPhone\u003c\/a\u003e","in_reply_to_status_id":null,"in_reply_to_status_id_str":null,"in_reply_to_user_id":null,"in_reply_to_user_id_str":null,"in_reply_to_screen_name":null,"geo":null,"coordinates":null,"place":null,"contributors":null,"retweeted_status":{"created_at":"Thu
        May 31 23:02:29 +0000 2018","id":1002324466276265984,"id_str":"1002324466276265984","text":"2
        more reasons why @turingschool is awesome: 1. We make sure our students have
        solid foundations before we move the\u2026 https:\/\/t.co\/KcWE071jiC","truncated":true,"entities":{"hashtags":[],"symbols":[],"user_mentions":[{"screen_name":"turingschool","name":"Turing
        School","id":1973042528,"id_str":"1973042528","indices":[19,32]}],"urls":[{"url":"https:\/\/t.co\/KcWE071jiC","expanded_url":"https:\/\/twitter.com\/i\/web\/status\/1002324466276265984","display_url":"twitter.com\/i\/web\/status\/1\u2026","indices":[117,140]}]},"source":"\u003ca
        href=\"http:\/\/twitter.com\/download\/iphone\" rel=\"nofollow\"\u003eTwitter
        for iPhone\u003c\/a\u003e","in_reply_to_status_id":null,"in_reply_to_status_id_str":null,"in_reply_to_user_id":null,"in_reply_to_user_id_str":null,"in_reply_to_screen_name":null,"geo":null,"coordinates":null,"place":null,"contributors":null,"is_quote_status":true,"quoted_status_id":1001494710177992704,"quoted_status_id_str":"1001494710177992704","retweet_count":1,"favorite_count":7,"favorited":false,"retweeted":false,"possibly_sensitive":false,"lang":"en"},"is_quote_status":true,"quoted_status_id":1001494710177992704,"quoted_status_id_str":"1001494710177992704","retweet_count":1,"favorite_count":0,"favorited":false,"retweeted":false,"lang":"en"},"contributors_enabled":false,"is_translator":false,"is_translation_enabled":false,"profile_background_color":"131516","profile_background_image_url":"http:\/\/abs.twimg.com\/images\/themes\/theme14\/bg.gif","profile_background_image_url_https":"https:\/\/abs.twimg.com\/images\/themes\/theme14\/bg.gif","profile_background_tile":true,"profile_image_url":"http:\/\/pbs.twimg.com\/profile_images\/444146105312243712\/EHdy1GyV_normal.png","profile_image_url_https":"https:\/\/pbs.twimg.com\/profile_images\/444146105312243712\/EHdy1GyV_normal.png","profile_banner_url":"https:\/\/pbs.twimg.com\/profile_banners\/1973042528\/1505944047","profile_link_color":"009999","profile_sidebar_border_color":"EEEEEE","profile_sidebar_fill_color":"EFEFEF","profile_text_color":"333333","profile_use_background_image":true,"has_extended_profile":false,"default_profile":false,"default_profile_image":false,"following":null,"follow_request_sent":null,"notifications":null,"translator_type":"none"}'
    http_version: 
  recorded_at: Fri, 01 Jun 2018 03:04:50 GMT
- request:
    method: get
    uri: https://api.twitter.com/1.1//users/show.json?screen_name=turingschool
    body:
      encoding: US-ASCII
      string: ''
    headers:
      Authorization:
      - Bearer AAAAAAAAAAAAAAAAAAAAAIb56AAAAAAAGvKPi5kyQcJvYQgPS9lzreJScoo%3DEiZBtjt3tieHsC2RfUln4vCBsSqoTu5wYedgD1IV9JIvEBdhLt
      Accept-Encoding:
      - gzip;q=1.0,deflate;q=0.6,identity;q=0.3
      Accept:
      - "*/*"
      User-Agent:
      - Ruby
  response:
    status:
      code: 200
      message: OK
    headers:
      Cache-Control:
      - no-cache, no-store, must-revalidate, pre-check=0, post-check=0
      Content-Disposition:
      - attachment; filename=json.json
      Content-Length:
      - '1314'
      Content-Type:
      - application/json;charset=utf-8
      Date:
      - Fri, 01 Jun 2018 03:04:50 GMT
      Expires:
      - Tue, 31 Mar 1981 05:00:00 GMT
      Last-Modified:
      - Fri, 01 Jun 2018 03:04:50 GMT
      Pragma:
      - no-cache
      Server:
      - tsa_a
      Set-Cookie:
      - guest_id=v1%3A152782229093134960; Expires=Sun, 31 May 2020 03:04:50 GMT; Path=/;
        Domain=.twitter.com
      - personalization_id="v1_VwMkeHlq4LSczdd+nF1ieg=="; Expires=Sun, 31 May 2020
        03:04:50 GMT; Path=/; Domain=.twitter.com
      Status:
      - 200 OK
      Strict-Transport-Security:
      - max-age=631138519
      X-Access-Level:
      - read
      X-Connection-Hash:
      - 6a26e10d123c4cb2f2275c734b44fe71
      X-Content-Type-Options:
      - nosniff
      X-Frame-Options:
      - SAMEORIGIN
      X-Rate-Limit-Limit:
      - '900'
      X-Rate-Limit-Remaining:
      - '858'
      X-Rate-Limit-Reset:
      - '1527822409'
      X-Response-Time:
      - '28'
      X-Transaction:
      - 0036a6ab001414c3
      X-Twitter-Response-Tags:
      - BouncerCompliant
      X-Xss-Protection:
      - 1; mode=block; report=https://twitter.com/i/xss_report
    body:
      encoding: ASCII-8BIT
      string: '{"id":1973042528,"id_str":"1973042528","name":"Turing School","screen_name":"turingschool","location":"Denver,
        CO","profile_location":null,"description":"We unlock human potential by training
        a diverse, inclusive student body to succeed in high-fulfillment technical
        careers.","url":"https:\/\/t.co\/TrJ7G88hmO","entities":{"url":{"urls":[{"url":"https:\/\/t.co\/TrJ7G88hmO","expanded_url":"http:\/\/turing.io","display_url":"turing.io","indices":[0,23]}]},"description":{"urls":[]}},"protected":false,"followers_count":2749,"friends_count":587,"listed_count":139,"created_at":"Sat
        Oct 19 22:33:01 +0000 2013","favourites_count":2646,"utc_offset":null,"time_zone":null,"geo_enabled":true,"verified":false,"statuses_count":3894,"lang":"en","status":{"created_at":"Fri
        Jun 01 01:37:57 +0000 2018","id":1002363590651928577,"id_str":"1002363590651928577","text":"RT
        @a_reuster: 2 more reasons why @turingschool is awesome: 1. We make sure our
        students have solid foundations before we move them on 2. O\u2026","truncated":false,"entities":{"hashtags":[],"symbols":[],"user_mentions":[{"screen_name":"a_reuster","name":"Allison
        Reu Singer","id":4423193714,"id_str":"4423193714","indices":[3,13]},{"screen_name":"turingschool","name":"Turing
        School","id":1973042528,"id_str":"1973042528","indices":[34,47]}],"urls":[]},"source":"\u003ca
        href=\"http:\/\/twitter.com\/download\/iphone\" rel=\"nofollow\"\u003eTwitter
        for iPhone\u003c\/a\u003e","in_reply_to_status_id":null,"in_reply_to_status_id_str":null,"in_reply_to_user_id":null,"in_reply_to_user_id_str":null,"in_reply_to_screen_name":null,"geo":null,"coordinates":null,"place":null,"contributors":null,"retweeted_status":{"created_at":"Thu
        May 31 23:02:29 +0000 2018","id":1002324466276265984,"id_str":"1002324466276265984","text":"2
        more reasons why @turingschool is awesome: 1. We make sure our students have
        solid foundations before we move the\u2026 https:\/\/t.co\/KcWE071jiC","truncated":true,"entities":{"hashtags":[],"symbols":[],"user_mentions":[{"screen_name":"turingschool","name":"Turing
        School","id":1973042528,"id_str":"1973042528","indices":[19,32]}],"urls":[{"url":"https:\/\/t.co\/KcWE071jiC","expanded_url":"https:\/\/twitter.com\/i\/web\/status\/1002324466276265984","display_url":"twitter.com\/i\/web\/status\/1\u2026","indices":[117,140]}]},"source":"\u003ca
        href=\"http:\/\/twitter.com\/download\/iphone\" rel=\"nofollow\"\u003eTwitter
        for iPhone\u003c\/a\u003e","in_reply_to_status_id":null,"in_reply_to_status_id_str":null,"in_reply_to_user_id":null,"in_reply_to_user_id_str":null,"in_reply_to_screen_name":null,"geo":null,"coordinates":null,"place":null,"contributors":null,"is_quote_status":true,"quoted_status_id":1001494710177992704,"quoted_status_id_str":"1001494710177992704","retweet_count":1,"favorite_count":7,"favorited":false,"retweeted":false,"possibly_sensitive":false,"lang":"en"},"is_quote_status":true,"quoted_status_id":1001494710177992704,"quoted_status_id_str":"1001494710177992704","retweet_count":1,"favorite_count":0,"favorited":false,"retweeted":false,"lang":"en"},"contributors_enabled":false,"is_translator":false,"is_translation_enabled":false,"profile_background_color":"131516","profile_background_image_url":"http:\/\/abs.twimg.com\/images\/themes\/theme14\/bg.gif","profile_background_image_url_https":"https:\/\/abs.twimg.com\/images\/themes\/theme14\/bg.gif","profile_background_tile":true,"profile_image_url":"http:\/\/pbs.twimg.com\/profile_images\/444146105312243712\/EHdy1GyV_normal.png","profile_image_url_https":"https:\/\/pbs.twimg.com\/profile_images\/444146105312243712\/EHdy1GyV_normal.png","profile_banner_url":"https:\/\/pbs.twimg.com\/profile_banners\/1973042528\/1505944047","profile_link_color":"009999","profile_sidebar_border_color":"EEEEEE","profile_sidebar_fill_color":"EFEFEF","profile_text_color":"333333","profile_use_background_image":true,"has_extended_profile":false,"default_profile":false,"default_profile_image":false,"following":null,"follow_request_sent":null,"notifications":null,"translator_type":"none"}'
    http_version: 
  recorded_at: Fri, 01 Jun 2018 03:04:50 GMT
- request:
    method: get
    uri: https://api.twitter.com/1.1//users/show.json?screen_name=turingschool
    body:
      encoding: US-ASCII
      string: ''
    headers:
      Authorization:
      - Bearer AAAAAAAAAAAAAAAAAAAAAIb56AAAAAAAGvKPi5kyQcJvYQgPS9lzreJScoo%3DEiZBtjt3tieHsC2RfUln4vCBsSqoTu5wYedgD1IV9JIvEBdhLt
      Accept-Encoding:
      - gzip;q=1.0,deflate;q=0.6,identity;q=0.3
      Accept:
      - "*/*"
      User-Agent:
      - Ruby
  response:
    status:
      code: 200
      message: OK
    headers:
      Cache-Control:
      - no-cache, no-store, must-revalidate, pre-check=0, post-check=0
      Content-Disposition:
      - attachment; filename=json.json
      Content-Length:
      - '1314'
      Content-Type:
      - application/json;charset=utf-8
      Date:
      - Fri, 01 Jun 2018 03:04:51 GMT
      Expires:
      - Tue, 31 Mar 1981 05:00:00 GMT
      Last-Modified:
      - Fri, 01 Jun 2018 03:04:51 GMT
      Pragma:
      - no-cache
      Server:
      - tsa_a
      Set-Cookie:
      - guest_id=v1%3A152782229114813575; Expires=Sun, 31 May 2020 03:04:51 GMT; Path=/;
        Domain=.twitter.com
      - personalization_id="v1_aNOJ3C954WgkpSO0mhAFCg=="; Expires=Sun, 31 May 2020
        03:04:51 GMT; Path=/; Domain=.twitter.com
      Status:
      - 200 OK
      Strict-Transport-Security:
      - max-age=631138519
      X-Access-Level:
      - read
      X-Connection-Hash:
      - 16634efad5e0dae228158faa503ac844
      X-Content-Type-Options:
      - nosniff
      X-Frame-Options:
      - SAMEORIGIN
      X-Rate-Limit-Limit:
      - '900'
      X-Rate-Limit-Remaining:
      - '857'
      X-Rate-Limit-Reset:
      - '1527822409'
      X-Response-Time:
      - '27'
      X-Transaction:
      - 00dac09f00ac04c0
      X-Twitter-Response-Tags:
      - BouncerCompliant
      X-Xss-Protection:
      - 1; mode=block; report=https://twitter.com/i/xss_report
    body:
      encoding: ASCII-8BIT
      string: '{"id":1973042528,"id_str":"1973042528","name":"Turing School","screen_name":"turingschool","location":"Denver,
        CO","profile_location":null,"description":"We unlock human potential by training
        a diverse, inclusive student body to succeed in high-fulfillment technical
        careers.","url":"https:\/\/t.co\/TrJ7G88hmO","entities":{"url":{"urls":[{"url":"https:\/\/t.co\/TrJ7G88hmO","expanded_url":"http:\/\/turing.io","display_url":"turing.io","indices":[0,23]}]},"description":{"urls":[]}},"protected":false,"followers_count":2749,"friends_count":587,"listed_count":139,"created_at":"Sat
        Oct 19 22:33:01 +0000 2013","favourites_count":2646,"utc_offset":null,"time_zone":null,"geo_enabled":true,"verified":false,"statuses_count":3894,"lang":"en","status":{"created_at":"Fri
        Jun 01 01:37:57 +0000 2018","id":1002363590651928577,"id_str":"1002363590651928577","text":"RT
        @a_reuster: 2 more reasons why @turingschool is awesome: 1. We make sure our
        students have solid foundations before we move them on 2. O\u2026","truncated":false,"entities":{"hashtags":[],"symbols":[],"user_mentions":[{"screen_name":"a_reuster","name":"Allison
        Reu Singer","id":4423193714,"id_str":"4423193714","indices":[3,13]},{"screen_name":"turingschool","name":"Turing
        School","id":1973042528,"id_str":"1973042528","indices":[34,47]}],"urls":[]},"source":"\u003ca
        href=\"http:\/\/twitter.com\/download\/iphone\" rel=\"nofollow\"\u003eTwitter
        for iPhone\u003c\/a\u003e","in_reply_to_status_id":null,"in_reply_to_status_id_str":null,"in_reply_to_user_id":null,"in_reply_to_user_id_str":null,"in_reply_to_screen_name":null,"geo":null,"coordinates":null,"place":null,"contributors":null,"retweeted_status":{"created_at":"Thu
        May 31 23:02:29 +0000 2018","id":1002324466276265984,"id_str":"1002324466276265984","text":"2
        more reasons why @turingschool is awesome: 1. We make sure our students have
        solid foundations before we move the\u2026 https:\/\/t.co\/KcWE071jiC","truncated":true,"entities":{"hashtags":[],"symbols":[],"user_mentions":[{"screen_name":"turingschool","name":"Turing
        School","id":1973042528,"id_str":"1973042528","indices":[19,32]}],"urls":[{"url":"https:\/\/t.co\/KcWE071jiC","expanded_url":"https:\/\/twitter.com\/i\/web\/status\/1002324466276265984","display_url":"twitter.com\/i\/web\/status\/1\u2026","indices":[117,140]}]},"source":"\u003ca
        href=\"http:\/\/twitter.com\/download\/iphone\" rel=\"nofollow\"\u003eTwitter
        for iPhone\u003c\/a\u003e","in_reply_to_status_id":null,"in_reply_to_status_id_str":null,"in_reply_to_user_id":null,"in_reply_to_user_id_str":null,"in_reply_to_screen_name":null,"geo":null,"coordinates":null,"place":null,"contributors":null,"is_quote_status":true,"quoted_status_id":1001494710177992704,"quoted_status_id_str":"1001494710177992704","retweet_count":1,"favorite_count":7,"favorited":false,"retweeted":false,"possibly_sensitive":false,"lang":"en"},"is_quote_status":true,"quoted_status_id":1001494710177992704,"quoted_status_id_str":"1001494710177992704","retweet_count":1,"favorite_count":0,"favorited":false,"retweeted":false,"lang":"en"},"contributors_enabled":false,"is_translator":false,"is_translation_enabled":false,"profile_background_color":"131516","profile_background_image_url":"http:\/\/abs.twimg.com\/images\/themes\/theme14\/bg.gif","profile_background_image_url_https":"https:\/\/abs.twimg.com\/images\/themes\/theme14\/bg.gif","profile_background_tile":true,"profile_image_url":"http:\/\/pbs.twimg.com\/profile_images\/444146105312243712\/EHdy1GyV_normal.png","profile_image_url_https":"https:\/\/pbs.twimg.com\/profile_images\/444146105312243712\/EHdy1GyV_normal.png","profile_banner_url":"https:\/\/pbs.twimg.com\/profile_banners\/1973042528\/1505944047","profile_link_color":"009999","profile_sidebar_border_color":"EEEEEE","profile_sidebar_fill_color":"EFEFEF","profile_text_color":"333333","profile_use_background_image":true,"has_extended_profile":false,"default_profile":false,"default_profile_image":false,"following":null,"follow_request_sent":null,"notifications":null,"translator_type":"none"}'
    http_version: 
  recorded_at: Fri, 01 Jun 2018 03:04:51 GMT
- request:
    method: get
    uri: https://api.twitter.com/1.1//users/show.json?screen_name=turingschool
    body:
      encoding: US-ASCII
      string: ''
    headers:
      Authorization:
      - Bearer AAAAAAAAAAAAAAAAAAAAAIb56AAAAAAAGvKPi5kyQcJvYQgPS9lzreJScoo%3DEiZBtjt3tieHsC2RfUln4vCBsSqoTu5wYedgD1IV9JIvEBdhLt
      Accept-Encoding:
      - gzip;q=1.0,deflate;q=0.6,identity;q=0.3
      Accept:
      - "*/*"
      User-Agent:
      - Ruby
  response:
    status:
      code: 200
      message: OK
    headers:
      Cache-Control:
      - no-cache, no-store, must-revalidate, pre-check=0, post-check=0
      Content-Disposition:
      - attachment; filename=json.json
      Content-Length:
      - '1314'
      Content-Type:
      - application/json;charset=utf-8
      Date:
      - Fri, 01 Jun 2018 03:04:51 GMT
      Expires:
      - Tue, 31 Mar 1981 05:00:00 GMT
      Last-Modified:
      - Fri, 01 Jun 2018 03:04:51 GMT
      Pragma:
      - no-cache
      Server:
      - tsa_a
      Set-Cookie:
      - guest_id=v1%3A152782229136000232; Expires=Sun, 31 May 2020 03:04:51 GMT; Path=/;
        Domain=.twitter.com
      - personalization_id="v1_pYm2FzgVo9P88b36HW+GFQ=="; Expires=Sun, 31 May 2020
        03:04:51 GMT; Path=/; Domain=.twitter.com
      Status:
      - 200 OK
      Strict-Transport-Security:
      - max-age=631138519
      X-Access-Level:
      - read
      X-Connection-Hash:
      - ff73e5807fd6d188bfdb6e9f78c32a7f
      X-Content-Type-Options:
      - nosniff
      X-Frame-Options:
      - SAMEORIGIN
      X-Rate-Limit-Limit:
      - '900'
      X-Rate-Limit-Remaining:
      - '856'
      X-Rate-Limit-Reset:
      - '1527822409'
      X-Response-Time:
      - '27'
      X-Transaction:
      - 00eeda6700352751
      X-Twitter-Response-Tags:
      - BouncerCompliant
      X-Xss-Protection:
      - 1; mode=block; report=https://twitter.com/i/xss_report
    body:
      encoding: ASCII-8BIT
      string: '{"id":1973042528,"id_str":"1973042528","name":"Turing School","screen_name":"turingschool","location":"Denver,
        CO","profile_location":null,"description":"We unlock human potential by training
        a diverse, inclusive student body to succeed in high-fulfillment technical
        careers.","url":"https:\/\/t.co\/TrJ7G88hmO","entities":{"url":{"urls":[{"url":"https:\/\/t.co\/TrJ7G88hmO","expanded_url":"http:\/\/turing.io","display_url":"turing.io","indices":[0,23]}]},"description":{"urls":[]}},"protected":false,"followers_count":2749,"friends_count":587,"listed_count":139,"created_at":"Sat
        Oct 19 22:33:01 +0000 2013","favourites_count":2646,"utc_offset":null,"time_zone":null,"geo_enabled":true,"verified":false,"statuses_count":3894,"lang":"en","status":{"created_at":"Fri
        Jun 01 01:37:57 +0000 2018","id":1002363590651928577,"id_str":"1002363590651928577","text":"RT
        @a_reuster: 2 more reasons why @turingschool is awesome: 1. We make sure our
        students have solid foundations before we move them on 2. O\u2026","truncated":false,"entities":{"hashtags":[],"symbols":[],"user_mentions":[{"screen_name":"a_reuster","name":"Allison
        Reu Singer","id":4423193714,"id_str":"4423193714","indices":[3,13]},{"screen_name":"turingschool","name":"Turing
        School","id":1973042528,"id_str":"1973042528","indices":[34,47]}],"urls":[]},"source":"\u003ca
        href=\"http:\/\/twitter.com\/download\/iphone\" rel=\"nofollow\"\u003eTwitter
        for iPhone\u003c\/a\u003e","in_reply_to_status_id":null,"in_reply_to_status_id_str":null,"in_reply_to_user_id":null,"in_reply_to_user_id_str":null,"in_reply_to_screen_name":null,"geo":null,"coordinates":null,"place":null,"contributors":null,"retweeted_status":{"created_at":"Thu
        May 31 23:02:29 +0000 2018","id":1002324466276265984,"id_str":"1002324466276265984","text":"2
        more reasons why @turingschool is awesome: 1. We make sure our students have
        solid foundations before we move the\u2026 https:\/\/t.co\/KcWE071jiC","truncated":true,"entities":{"hashtags":[],"symbols":[],"user_mentions":[{"screen_name":"turingschool","name":"Turing
        School","id":1973042528,"id_str":"1973042528","indices":[19,32]}],"urls":[{"url":"https:\/\/t.co\/KcWE071jiC","expanded_url":"https:\/\/twitter.com\/i\/web\/status\/1002324466276265984","display_url":"twitter.com\/i\/web\/status\/1\u2026","indices":[117,140]}]},"source":"\u003ca
        href=\"http:\/\/twitter.com\/download\/iphone\" rel=\"nofollow\"\u003eTwitter
        for iPhone\u003c\/a\u003e","in_reply_to_status_id":null,"in_reply_to_status_id_str":null,"in_reply_to_user_id":null,"in_reply_to_user_id_str":null,"in_reply_to_screen_name":null,"geo":null,"coordinates":null,"place":null,"contributors":null,"is_quote_status":true,"quoted_status_id":1001494710177992704,"quoted_status_id_str":"1001494710177992704","retweet_count":1,"favorite_count":7,"favorited":false,"retweeted":false,"possibly_sensitive":false,"lang":"en"},"is_quote_status":true,"quoted_status_id":1001494710177992704,"quoted_status_id_str":"1001494710177992704","retweet_count":1,"favorite_count":0,"favorited":false,"retweeted":false,"lang":"en"},"contributors_enabled":false,"is_translator":false,"is_translation_enabled":false,"profile_background_color":"131516","profile_background_image_url":"http:\/\/abs.twimg.com\/images\/themes\/theme14\/bg.gif","profile_background_image_url_https":"https:\/\/abs.twimg.com\/images\/themes\/theme14\/bg.gif","profile_background_tile":true,"profile_image_url":"http:\/\/pbs.twimg.com\/profile_images\/444146105312243712\/EHdy1GyV_normal.png","profile_image_url_https":"https:\/\/pbs.twimg.com\/profile_images\/444146105312243712\/EHdy1GyV_normal.png","profile_banner_url":"https:\/\/pbs.twimg.com\/profile_banners\/1973042528\/1505944047","profile_link_color":"009999","profile_sidebar_border_color":"EEEEEE","profile_sidebar_fill_color":"EFEFEF","profile_text_color":"333333","profile_use_background_image":true,"has_extended_profile":false,"default_profile":false,"default_profile_image":false,"following":null,"follow_request_sent":null,"notifications":null,"translator_type":"none"}'
    http_version: 
  recorded_at: Fri, 01 Jun 2018 03:04:51 GMT
recorded_with: VCR 4.0.0
