---
http_interactions:
- request:
    method: post
    uri: https://gateway.watsonplatform.net/personality-insights/api/v3/profile?version=2017-10-13
    body:
      encoding: UTF-8
      string: 'this is a test string this is a test string this is a test string this
        is a test string this is a test string this is a test string this is a test
        string this is a test string this is a test string this is a test string this
        is a test string this is a test string this is a test string this is a test
        string this is a test string this is a test string this is a test string this
        is a test string this is a test string this is a test string this is a test
        string this is a test string this is a test string this is a test string this
        is a test string '
    headers:
      Authorization:
      - Basic MGVjMDRjYWMtZDFiOS00YjcxLTlmODgtNTkxNjc4MWNlYjJkOk5KZmwwV1E0TW5TSA==
      User-Agent:
      - Faraday v0.15.2
      Content-Type:
      - text/plain;charset=utf-8
      Accept:
      - application/json
      Accept-Encoding:
      - gzip;q=1.0,deflate;q=0.6,identity;q=0.3
  response:
    status:
      code: 200
      message: OK
    headers:
      X-Backside-Transport:
      - OK OK
      Access-Control-Allow-Origin:
      - "*,*"
      X-Content-Type-Options:
      - nosniff
      Pragma:
      - no-cache
      X-Service-Api-Version:
      - 3.4.4
      Cache-Control:
      - no-store
      X-Service-Build-Number:
      - 2018-05-21T05:06:00.565 UTC
      Content-Security-Policy:
      - default-src 'none'
      Content-Disposition:
      - attachment; filename="WatsonPersonalityInsightsAPI.json"
      X-Xss-Protection:
      - 1; mode=block
      Content-Language:
      - en-US
      X-Powered-By:
      - Servlet/3.1,Servlet/3.1
      Content-Type:
      - application/json
      Server:
      - "-"
      X-Dp-Transit-Id:
      - gateway01-2007849021
      X-Global-Transaction-Id:
      - 7ecac92c5b0f64aa77ad583d
      Strict-Transport-Security:
      - max-age=31536000;
      X-Dp-Watson-Tran-Id:
      - gateway01-2007849021
      Vary:
      - Accept-Encoding
      Date:
      - Thu, 31 May 2018 02:57:47 GMT
      Content-Length:
      - '7222'
      Connection:
      - keep-alive
      Set-Cookie:
      - Watson-DPAT=n4SOVU79%2BdO1SivowSZFeGGmHAIXTxejp84wjHA8eiub9gx1aiw4f3RL9myq0TEhqI1X044vINIQXGCEGigO56Cj%2FYlBSergZed%2BEao1NPMDkTRh0PU%2FyK8k25CGoXa1xCoilcoAZuBg1Ijg3IQw%2FBLw0g9WqNm85lrQ0UntIsAcvZzZGBwVUY5U8ZG5UQ0P3KeF%2BmbZrMuvP5trfyd6ROFWkKQ%2B9C5%2FMHWWZY2i3lzFZc720R7Hj4v%2ButYN92smF1EC0qYVwrJIvc97q%2BM6aofqrx5jFz8Gwz1SA2GqtFKGabN4HsJz8ysfWF7TcTeWqQmz0uvtSEXu%2FcM7ul4alhhB6fNoMElw6S7hIjwQz6yOdZPytuUrpu%2Fxm5UqOLC8XnU5hNH1%2FZQloZRMGe8vemkgt%2B4G9xHHkjSTEslwXt%2FJGOrajX1p0rJk1CSCBGAJRcb7hXMohrW%2BJQMdBTsdiDNSn0XAiYaZ2MsfRW%2B9msWtLSn8HxDbqLl%2BbyEuuzqR9yeuycUS8%2FFB%2B%2Bj83WBAhETq83P93Xt2AQHrD0uAYXlZYdVLLI2RhVq2ktTSsvj4pPpqQASubYSNyzCqAod5hVpeSlgdrCrPpEhYcv%2F72Y8ZCSiYxGhC%2FtiTgYSyIIcmW28bym1lemwx7bIR2Ht7NFVAj3l0wZhcy08YIXNxJlnNwtEnR5%2FczAgFAzHpg%2Fm%2BoYfETgeqnocGxDuP2zCB6cFcZ%2Ftq2lTpJr%2FaFNRRAmVXcuW%2FRK7bcamoG6SkqPWC1ENvB%2BZvDMrzluEcICybpnjsh%2F%2BXhiA6DpdNsmfFxmdQr6ZdBg2xSGAepJgsELqmXlezbzLfPPnGLrAtMa%2FKcYlYt23oXo3vH3aWEHz%2BeBWzs2GNmsaZjsccvac3ZAGPoHdpKlRatKXugSNyiLF14WQGq3BTKbFM7UvWKrv8CF4ZbmvRXOVtkXb5IXAOWCnPZaH7SRULumd9%2BWt5B5sK2Q%3D%3D;
        path=/personality-insights/api; secure; HttpOnly
    body:
      encoding: UTF-8
      string: '{"word_count":125,"word_count_message":"There were 125 words in the
        input. We need a minimum of 600, preferably 1,200 or more, to compute statistically
        significant estimates","processed_language":"en","personality":[{"trait_id":"big5_openness","name":"Openness","category":"personality","percentile":0.9300253602804942,"significant":true,"children":[{"trait_id":"facet_adventurousness","name":"Adventurousness","category":"personality","percentile":0.364916201669199,"significant":true},{"trait_id":"facet_artistic_interests","name":"Artistic
        interests","category":"personality","percentile":0.45451734386200954,"significant":true},{"trait_id":"facet_emotionality","name":"Emotionality","category":"personality","percentile":0.3676717946590121,"significant":true},{"trait_id":"facet_imagination","name":"Imagination","category":"personality","percentile":0.6948294237345146,"significant":true},{"trait_id":"facet_intellect","name":"Intellect","category":"personality","percentile":0.7814164160026129,"significant":true},{"trait_id":"facet_liberalism","name":"Authority-challenging","category":"personality","percentile":0.832943674792473,"significant":true}]},{"trait_id":"big5_conscientiousness","name":"Conscientiousness","category":"personality","percentile":0.241413050948599,"significant":true,"children":[{"trait_id":"facet_achievement_striving","name":"Achievement
        striving","category":"personality","percentile":0.2954874032819047,"significant":true},{"trait_id":"facet_cautiousness","name":"Cautiousness","category":"personality","percentile":0.3683668909419963,"significant":true},{"trait_id":"facet_dutifulness","name":"Dutifulness","category":"personality","percentile":0.3847559211326337,"significant":true},{"trait_id":"facet_orderliness","name":"Orderliness","category":"personality","percentile":0.1812164267042829,"significant":true},{"trait_id":"facet_self_discipline","name":"Self-discipline","category":"personality","percentile":0.22959680705471353,"significant":true},{"trait_id":"facet_self_efficacy","name":"Self-efficacy","category":"personality","percentile":0.5127189137320909,"significant":true}]},{"trait_id":"big5_extraversion","name":"Extraversion","category":"personality","percentile":0.31025302574682717,"significant":true,"children":[{"trait_id":"facet_activity_level","name":"Activity
        level","category":"personality","percentile":0.40575736461856743,"significant":true},{"trait_id":"facet_assertiveness","name":"Assertiveness","category":"personality","percentile":0.48003820997009206,"significant":true},{"trait_id":"facet_cheerfulness","name":"Cheerfulness","category":"personality","percentile":0.17060718957547383,"significant":true},{"trait_id":"facet_excitement_seeking","name":"Excitement-seeking","category":"personality","percentile":0.8829449887140824,"significant":true},{"trait_id":"facet_friendliness","name":"Outgoing","category":"personality","percentile":0.3279529825535311,"significant":true},{"trait_id":"facet_gregariousness","name":"Gregariousness","category":"personality","percentile":0.36332664430412087,"significant":true}]},{"trait_id":"big5_agreeableness","name":"Agreeableness","category":"personality","percentile":0.19121199742270978,"significant":true,"children":[{"trait_id":"facet_altruism","name":"Altruism","category":"personality","percentile":0.39988211913516214,"significant":true},{"trait_id":"facet_cooperation","name":"Cooperation","category":"personality","percentile":0.3001573274083933,"significant":true},{"trait_id":"facet_modesty","name":"Modesty","category":"personality","percentile":0.5092621702155774,"significant":true},{"trait_id":"facet_morality","name":"Uncompromising","category":"personality","percentile":0.2513597131288982,"significant":true},{"trait_id":"facet_sympathy","name":"Sympathy","category":"personality","percentile":0.5853953775675302,"significant":true},{"trait_id":"facet_trust","name":"Trust","category":"personality","percentile":0.7661913227678416,"significant":true}]},{"trait_id":"big5_neuroticism","name":"Emotional
        range","category":"personality","percentile":0.38240027823654515,"significant":true,"children":[{"trait_id":"facet_anger","name":"Fiery","category":"personality","percentile":0.7288860534901664,"significant":true},{"trait_id":"facet_anxiety","name":"Prone
        to worry","category":"personality","percentile":0.7942980318804773,"significant":true},{"trait_id":"facet_depression","name":"Melancholy","category":"personality","percentile":0.8265042212388622,"significant":true},{"trait_id":"facet_immoderation","name":"Immoderation","category":"personality","percentile":0.6965785231822063,"significant":true},{"trait_id":"facet_self_consciousness","name":"Self-consciousness","category":"personality","percentile":0.8032011749196653,"significant":true},{"trait_id":"facet_vulnerability","name":"Susceptible
        to stress","category":"personality","percentile":0.7723972022973018,"significant":true}]}],"needs":[{"trait_id":"need_challenge","name":"Challenge","category":"needs","percentile":0.4491220062003746,"significant":true},{"trait_id":"need_closeness","name":"Closeness","category":"needs","percentile":0.280611322067574,"significant":true},{"trait_id":"need_curiosity","name":"Curiosity","category":"needs","percentile":0.9271542628200309,"significant":true},{"trait_id":"need_excitement","name":"Excitement","category":"needs","percentile":0.4040733229243616,"significant":true},{"trait_id":"need_harmony","name":"Harmony","category":"needs","percentile":0.1839693319383649,"significant":true},{"trait_id":"need_ideal","name":"Ideal","category":"needs","percentile":0.33496475632411,"significant":true},{"trait_id":"need_liberty","name":"Liberty","category":"needs","percentile":0.44158625431651033,"significant":true},{"trait_id":"need_love","name":"Love","category":"needs","percentile":0.3629532757178502,"significant":true},{"trait_id":"need_practicality","name":"Practicality","category":"needs","percentile":0.9443430583748103,"significant":true},{"trait_id":"need_self_expression","name":"Self-expression","category":"needs","percentile":0.05281772983078087,"significant":true},{"trait_id":"need_stability","name":"Stability","category":"needs","percentile":0.17676861019015255,"significant":true},{"trait_id":"need_structure","name":"Structure","category":"needs","percentile":0.4835752076320925,"significant":true}],"values":[{"trait_id":"value_conservation","name":"Conservation","category":"values","percentile":0.1400296207252021,"significant":true},{"trait_id":"value_openness_to_change","name":"Openness
        to change","category":"values","percentile":0.47687814597288886,"significant":true},{"trait_id":"value_hedonism","name":"Hedonism","category":"values","percentile":0.3113478520759223,"significant":true},{"trait_id":"value_self_enhancement","name":"Self-enhancement","category":"values","percentile":0.39547642900021895,"significant":true},{"trait_id":"value_self_transcendence","name":"Self-transcendence","category":"values","percentile":0.03310830781717733,"significant":true}],"warnings":[{"warning_id":"WORD_COUNT_MESSAGE","message":"There
        were 125 words in the input. We need a minimum of 600, preferably 1,200 or
        more, to compute statistically significant estimates"}]}'
    http_version: 
  recorded_at: Thu, 31 May 2018 02:57:47 GMT
- request:
    method: post
    uri: https://gateway.watsonplatform.net/personality-insights/api/v3/profile?version=2017-10-13
    body:
      encoding: UTF-8
      string: 'this is a test string this is a test string this is a test string this
        is a test string this is a test string this is a test string this is a test
        string this is a test string this is a test string this is a test string this
        is a test string this is a test string this is a test string this is a test
        string this is a test string this is a test string this is a test string this
        is a test string this is a test string this is a test string this is a test
        string this is a test string this is a test string this is a test string this
        is a test string '
    headers:
      Authorization:
      - Basic MGVjMDRjYWMtZDFiOS00YjcxLTlmODgtNTkxNjc4MWNlYjJkOk5KZmwwV1E0TW5TSA==
      User-Agent:
      - Faraday v0.15.2
      Content-Type:
      - text/plain;charset=utf-8
      Accept:
      - application/json
      Accept-Encoding:
      - gzip;q=1.0,deflate;q=0.6,identity;q=0.3
  response:
    status:
      code: 200
      message: OK
    headers:
      X-Backside-Transport:
      - OK OK
      Access-Control-Allow-Origin:
      - "*,*"
      X-Content-Type-Options:
      - nosniff
      Pragma:
      - no-cache
      X-Service-Api-Version:
      - 3.4.4
      Cache-Control:
      - no-store
      X-Service-Build-Number:
      - 2018-05-14T05:03:49.758 UTC
      Content-Security-Policy:
      - default-src 'none'
      Content-Disposition:
      - attachment; filename="WatsonPersonalityInsightsAPI.json"
      X-Xss-Protection:
      - 1; mode=block
      Content-Language:
      - en-US
      X-Powered-By:
      - Servlet/3.1,Servlet/3.1
      Content-Type:
      - application/json
      Server:
      - "-"
      X-Dp-Transit-Id:
      - gateway02-1293105157
      X-Global-Transaction-Id:
      - ffea405d5b0f64ab4d133805
      Strict-Transport-Security:
      - max-age=31536000;
      X-Dp-Watson-Tran-Id:
      - gateway02-1293105157
      Vary:
      - Accept-Encoding
      Date:
      - Thu, 31 May 2018 02:57:48 GMT
      Content-Length:
      - '7222'
      Connection:
      - keep-alive
      Set-Cookie:
      - Watson-DPAT=M2%2BvKoJjdHVDcRUGSU4t30ETwnh%2F7jYpDzqihArdAz94am5gmk88FBY%2FGb9QPnb7iZYtn%2BR4cpVEBcpXXwvP7qAbM1NcsRWi7VIxcZtMPYGjbd%2BunyRPoxk7j9JjLa6c1nGOepEUixgfWvR5dy31cGp06toIWl3V4UcntHsyAAXTnvAX7HwUG9mXhfAMX%2Fry375ECFaQYiSW74Y7j7yYDjdPFP8HHKE%2FpsWBYm9kyi9c7DfkZbwkjnVNqoilgy1zDdj%2Fad9RkFKunexJL%2F2va%2BDTl%2B3AfWtY7zOSqVIJGVavsz%2Fyv1D%2FCLHhJwFH%2FtF6xkQ6ONkAIs0qA8%2FNIoOj%2FXSL%2FNWmYfuXtR33QKq9O3SUo6rpakYLW4Qn8WzhLJ%2Bg3xoF0Sa0ynY6llDbewavAqY%2BwuO8MLoOVze50r9XWJCoAQ%2FZYhVULrO%2BL9cuJ0y2vFnOMTbkc18%2BIhRZ2kaOC2rQKdWftOlxDy251aQXNdGoli944aqD1tq2EWZDPE5dYrQhsGb2eIxVp5U0EJJg4lGWD3cG8pVKSrGUMtqTbUX08fqQuXoTLvUT94QeTlV1vo6U8vMKowafYsfH5Z6rNUquhsEuAjqE5wi1eJ2mKDx8WspqU%2F0I%2FcFucMUvQX87RoVoiYVbxJSuBe06ATIvVjBVyXyOPc9kYtZqViYAaJPBOoV%2B1xAMYBBzJSJ%2Bx4gdqpregNluBT9DsrRZvnDStvRsX%2Ft%2F%2F%2BWxn8bWA1pesdVVpc8cah48fppMzU5OILbOeDYfHO4%2BI9rTdLrRJ0Q83us6VRd6DQTjdyKGOSJ4nU6BFqNoAdLar8%2FNx%2FHZ0X2GgKKxiR3qhuxZSK8s0RA5NFJVZXQx3NXPv0dvKuqm0NlfB8j2aDJ%2BhLKR5EOjC4sZgIVoMvRB2b4dPlJNIHgt2w8vUIiTUzp8%2BospafGqSEYhbgFQzk965Z2PiuhqzqUYA%2Fv3ZAerw9rrK7wUM%2BYsvw%3D%3D;
        path=/personality-insights/api; secure; HttpOnly
    body:
      encoding: UTF-8
      string: '{"word_count":125,"word_count_message":"There were 125 words in the
        input. We need a minimum of 600, preferably 1,200 or more, to compute statistically
        significant estimates","processed_language":"en","personality":[{"trait_id":"big5_openness","name":"Openness","category":"personality","percentile":0.9300253602804942,"significant":true,"children":[{"trait_id":"facet_adventurousness","name":"Adventurousness","category":"personality","percentile":0.364916201669199,"significant":true},{"trait_id":"facet_artistic_interests","name":"Artistic
        interests","category":"personality","percentile":0.45451734386200954,"significant":true},{"trait_id":"facet_emotionality","name":"Emotionality","category":"personality","percentile":0.3676717946590121,"significant":true},{"trait_id":"facet_imagination","name":"Imagination","category":"personality","percentile":0.6948294237345146,"significant":true},{"trait_id":"facet_intellect","name":"Intellect","category":"personality","percentile":0.7814164160026129,"significant":true},{"trait_id":"facet_liberalism","name":"Authority-challenging","category":"personality","percentile":0.832943674792473,"significant":true}]},{"trait_id":"big5_conscientiousness","name":"Conscientiousness","category":"personality","percentile":0.241413050948599,"significant":true,"children":[{"trait_id":"facet_achievement_striving","name":"Achievement
        striving","category":"personality","percentile":0.2954874032819047,"significant":true},{"trait_id":"facet_cautiousness","name":"Cautiousness","category":"personality","percentile":0.3683668909419963,"significant":true},{"trait_id":"facet_dutifulness","name":"Dutifulness","category":"personality","percentile":0.3847559211326337,"significant":true},{"trait_id":"facet_orderliness","name":"Orderliness","category":"personality","percentile":0.1812164267042829,"significant":true},{"trait_id":"facet_self_discipline","name":"Self-discipline","category":"personality","percentile":0.22959680705471353,"significant":true},{"trait_id":"facet_self_efficacy","name":"Self-efficacy","category":"personality","percentile":0.5127189137320909,"significant":true}]},{"trait_id":"big5_extraversion","name":"Extraversion","category":"personality","percentile":0.31025302574682717,"significant":true,"children":[{"trait_id":"facet_activity_level","name":"Activity
        level","category":"personality","percentile":0.40575736461856743,"significant":true},{"trait_id":"facet_assertiveness","name":"Assertiveness","category":"personality","percentile":0.48003820997009206,"significant":true},{"trait_id":"facet_cheerfulness","name":"Cheerfulness","category":"personality","percentile":0.17060718957547383,"significant":true},{"trait_id":"facet_excitement_seeking","name":"Excitement-seeking","category":"personality","percentile":0.8829449887140824,"significant":true},{"trait_id":"facet_friendliness","name":"Outgoing","category":"personality","percentile":0.3279529825535311,"significant":true},{"trait_id":"facet_gregariousness","name":"Gregariousness","category":"personality","percentile":0.36332664430412087,"significant":true}]},{"trait_id":"big5_agreeableness","name":"Agreeableness","category":"personality","percentile":0.19121199742270978,"significant":true,"children":[{"trait_id":"facet_altruism","name":"Altruism","category":"personality","percentile":0.39988211913516214,"significant":true},{"trait_id":"facet_cooperation","name":"Cooperation","category":"personality","percentile":0.3001573274083933,"significant":true},{"trait_id":"facet_modesty","name":"Modesty","category":"personality","percentile":0.5092621702155774,"significant":true},{"trait_id":"facet_morality","name":"Uncompromising","category":"personality","percentile":0.2513597131288982,"significant":true},{"trait_id":"facet_sympathy","name":"Sympathy","category":"personality","percentile":0.5853953775675302,"significant":true},{"trait_id":"facet_trust","name":"Trust","category":"personality","percentile":0.7661913227678416,"significant":true}]},{"trait_id":"big5_neuroticism","name":"Emotional
        range","category":"personality","percentile":0.38240027823654515,"significant":true,"children":[{"trait_id":"facet_anger","name":"Fiery","category":"personality","percentile":0.7288860534901664,"significant":true},{"trait_id":"facet_anxiety","name":"Prone
        to worry","category":"personality","percentile":0.7942980318804773,"significant":true},{"trait_id":"facet_depression","name":"Melancholy","category":"personality","percentile":0.8265042212388622,"significant":true},{"trait_id":"facet_immoderation","name":"Immoderation","category":"personality","percentile":0.6965785231822063,"significant":true},{"trait_id":"facet_self_consciousness","name":"Self-consciousness","category":"personality","percentile":0.8032011749196653,"significant":true},{"trait_id":"facet_vulnerability","name":"Susceptible
        to stress","category":"personality","percentile":0.7723972022973018,"significant":true}]}],"needs":[{"trait_id":"need_challenge","name":"Challenge","category":"needs","percentile":0.4491220062003746,"significant":true},{"trait_id":"need_closeness","name":"Closeness","category":"needs","percentile":0.280611322067574,"significant":true},{"trait_id":"need_curiosity","name":"Curiosity","category":"needs","percentile":0.9271542628200309,"significant":true},{"trait_id":"need_excitement","name":"Excitement","category":"needs","percentile":0.4040733229243616,"significant":true},{"trait_id":"need_harmony","name":"Harmony","category":"needs","percentile":0.1839693319383649,"significant":true},{"trait_id":"need_ideal","name":"Ideal","category":"needs","percentile":0.33496475632411,"significant":true},{"trait_id":"need_liberty","name":"Liberty","category":"needs","percentile":0.44158625431651033,"significant":true},{"trait_id":"need_love","name":"Love","category":"needs","percentile":0.3629532757178502,"significant":true},{"trait_id":"need_practicality","name":"Practicality","category":"needs","percentile":0.9443430583748103,"significant":true},{"trait_id":"need_self_expression","name":"Self-expression","category":"needs","percentile":0.05281772983078087,"significant":true},{"trait_id":"need_stability","name":"Stability","category":"needs","percentile":0.17676861019015255,"significant":true},{"trait_id":"need_structure","name":"Structure","category":"needs","percentile":0.4835752076320925,"significant":true}],"values":[{"trait_id":"value_conservation","name":"Conservation","category":"values","percentile":0.1400296207252021,"significant":true},{"trait_id":"value_openness_to_change","name":"Openness
        to change","category":"values","percentile":0.47687814597288886,"significant":true},{"trait_id":"value_hedonism","name":"Hedonism","category":"values","percentile":0.3113478520759223,"significant":true},{"trait_id":"value_self_enhancement","name":"Self-enhancement","category":"values","percentile":0.39547642900021895,"significant":true},{"trait_id":"value_self_transcendence","name":"Self-transcendence","category":"values","percentile":0.03310830781717733,"significant":true}],"warnings":[{"warning_id":"WORD_COUNT_MESSAGE","message":"There
        were 125 words in the input. We need a minimum of 600, preferably 1,200 or
        more, to compute statistically significant estimates"}]}'
    http_version: 
  recorded_at: Thu, 31 May 2018 02:57:48 GMT
- request:
    method: post
    uri: https://gateway.watsonplatform.net/personality-insights/api/v3/profile?version=2017-10-13
    body:
      encoding: UTF-8
      string: 'this is a test string this is a test string this is a test string this
        is a test string this is a test string this is a test string this is a test
        string this is a test string this is a test string this is a test string this
        is a test string this is a test string this is a test string this is a test
        string this is a test string this is a test string this is a test string this
        is a test string this is a test string this is a test string this is a test
        string this is a test string this is a test string this is a test string this
        is a test string '
    headers:
      Authorization:
      - Basic MGVjMDRjYWMtZDFiOS00YjcxLTlmODgtNTkxNjc4MWNlYjJkOk5KZmwwV1E0TW5TSA==
      User-Agent:
      - Faraday v0.15.2
      Content-Type:
      - text/plain;charset=utf-8
      Accept:
      - application/json
      Accept-Encoding:
      - gzip;q=1.0,deflate;q=0.6,identity;q=0.3
  response:
    status:
      code: 200
      message: OK
    headers:
      X-Backside-Transport:
      - OK OK
      Access-Control-Allow-Origin:
      - "*,*"
      X-Content-Type-Options:
      - nosniff
      Pragma:
      - no-cache
      X-Service-Api-Version:
      - 3.4.4
      Cache-Control:
      - no-store
      X-Service-Build-Number:
      - 2018-05-14T05:03:49.758 UTC
      Content-Security-Policy:
      - default-src 'none'
      Content-Disposition:
      - attachment; filename="WatsonPersonalityInsightsAPI.json"
      X-Xss-Protection:
      - 1; mode=block
      Content-Language:
      - en-US
      X-Powered-By:
      - Servlet/3.1,Servlet/3.1
      Content-Type:
      - application/json
      Server:
      - "-"
      X-Dp-Transit-Id:
      - gateway02-659783935
      X-Global-Transaction-Id:
      - ffea405d5b0f64ac275380ff
      Strict-Transport-Security:
      - max-age=31536000;
      X-Dp-Watson-Tran-Id:
      - gateway02-659783935
      Vary:
      - Accept-Encoding
      Date:
      - Thu, 31 May 2018 02:57:49 GMT
      Content-Length:
      - '7222'
      Connection:
      - keep-alive
      Set-Cookie:
      - Watson-DPAT=DWJGEVSO7ZnZxPKlBvWbYduZrZxcXaJNf0jwa7MItQju2tlVFcB3Q9UcWYFeZuCZY%2FM19IDAxK4QzkJ2C7EwGCYnXx3IhQqjx42ELLn4Ffzg0H3Lobss1rYyIthZZvdmaLvL%2FyllziQ%2Fuj1MzxvEDiOMEMcVkVaY7kKsADd64A4KMICsXfY8JnXL8Yrqinx%2BsgCaMf1T20uzHqQf2kY4BC54EVB%2Bf6AuSXk2cdbWgK1MIXbiIbT2oDMPk83IsIPgKFUOArQkRWrrIf6NUarmQTJNrUR7Qnrj4lKI5Lpn8PbM8pmcv5UleNooEpE5pK0tUD9uxFNYPL5UWesQcdpS2SgTNaG%2BBuRSPikACPthQ27HCRvfeSYpX3y4NGS0ZmuOGyMrWaXxErmS7wgi8oqDaKWpVqjfRcfoV%2FajQ6qgg3qOMElfvPS86JsTDIc8ag4AV%2F9mDrLp3d42bHLhB%2BdXVBtCQxWAw9qpDBACYL%2FA%2FG7lxj3ScFKHNt7SEQ2ZJ3URWcRz1YwAYO1Dl8%2F98c26Al7iPknTHvS%2BWdMsJnStnTyW%2FciQsopJJhCvsvbn1VAPrDgeTcIpl0bWhvocFAQxj%2BEoIQpTiu5JXhQBjX2%2BiHVZRoiXUGJwpFE%2Bo%2FoNxX%2F4mndxm9nsiYqrauWjWSGcXVHA0Wp1FTk4nW2HsmCB4f01C5x1kBxbMqS47k58HRBPy5ZlL8E5nQpoc554AveamKsk0AQ5kStNUJjQ0TSc%2BN3eJHydbuiHxEJZeG3XgOhMM5MtghTrXJ3wuWm%2FvlnRpkY8Q7wmwyO2AmA1dVetJ6kPhnE%2FXSD0NGgwLNrEuuE1HtZxJvgCYlwA0UnZvAwAmpTuThCkfdrPQpyVZIP2syONVoE7HXTySNAh0q4b9IYjw0wdO0cvjkJuACV7BfnmoZj4ooM96X5uW7AegtB1lsrnNtELVgYuNn7vTWK%2FOVg1Ylpmhm1Vx9QY1wx%2FPI5UgA%3D%3D;
        path=/personality-insights/api; secure; HttpOnly
    body:
      encoding: UTF-8
      string: '{"word_count":125,"word_count_message":"There were 125 words in the
        input. We need a minimum of 600, preferably 1,200 or more, to compute statistically
        significant estimates","processed_language":"en","personality":[{"trait_id":"big5_openness","name":"Openness","category":"personality","percentile":0.9300253602804942,"significant":true,"children":[{"trait_id":"facet_adventurousness","name":"Adventurousness","category":"personality","percentile":0.364916201669199,"significant":true},{"trait_id":"facet_artistic_interests","name":"Artistic
        interests","category":"personality","percentile":0.45451734386200954,"significant":true},{"trait_id":"facet_emotionality","name":"Emotionality","category":"personality","percentile":0.3676717946590121,"significant":true},{"trait_id":"facet_imagination","name":"Imagination","category":"personality","percentile":0.6948294237345146,"significant":true},{"trait_id":"facet_intellect","name":"Intellect","category":"personality","percentile":0.7814164160026129,"significant":true},{"trait_id":"facet_liberalism","name":"Authority-challenging","category":"personality","percentile":0.832943674792473,"significant":true}]},{"trait_id":"big5_conscientiousness","name":"Conscientiousness","category":"personality","percentile":0.241413050948599,"significant":true,"children":[{"trait_id":"facet_achievement_striving","name":"Achievement
        striving","category":"personality","percentile":0.2954874032819047,"significant":true},{"trait_id":"facet_cautiousness","name":"Cautiousness","category":"personality","percentile":0.3683668909419963,"significant":true},{"trait_id":"facet_dutifulness","name":"Dutifulness","category":"personality","percentile":0.3847559211326337,"significant":true},{"trait_id":"facet_orderliness","name":"Orderliness","category":"personality","percentile":0.1812164267042829,"significant":true},{"trait_id":"facet_self_discipline","name":"Self-discipline","category":"personality","percentile":0.22959680705471353,"significant":true},{"trait_id":"facet_self_efficacy","name":"Self-efficacy","category":"personality","percentile":0.5127189137320909,"significant":true}]},{"trait_id":"big5_extraversion","name":"Extraversion","category":"personality","percentile":0.31025302574682717,"significant":true,"children":[{"trait_id":"facet_activity_level","name":"Activity
        level","category":"personality","percentile":0.40575736461856743,"significant":true},{"trait_id":"facet_assertiveness","name":"Assertiveness","category":"personality","percentile":0.48003820997009206,"significant":true},{"trait_id":"facet_cheerfulness","name":"Cheerfulness","category":"personality","percentile":0.17060718957547383,"significant":true},{"trait_id":"facet_excitement_seeking","name":"Excitement-seeking","category":"personality","percentile":0.8829449887140824,"significant":true},{"trait_id":"facet_friendliness","name":"Outgoing","category":"personality","percentile":0.3279529825535311,"significant":true},{"trait_id":"facet_gregariousness","name":"Gregariousness","category":"personality","percentile":0.36332664430412087,"significant":true}]},{"trait_id":"big5_agreeableness","name":"Agreeableness","category":"personality","percentile":0.19121199742270978,"significant":true,"children":[{"trait_id":"facet_altruism","name":"Altruism","category":"personality","percentile":0.39988211913516214,"significant":true},{"trait_id":"facet_cooperation","name":"Cooperation","category":"personality","percentile":0.3001573274083933,"significant":true},{"trait_id":"facet_modesty","name":"Modesty","category":"personality","percentile":0.5092621702155774,"significant":true},{"trait_id":"facet_morality","name":"Uncompromising","category":"personality","percentile":0.2513597131288982,"significant":true},{"trait_id":"facet_sympathy","name":"Sympathy","category":"personality","percentile":0.5853953775675302,"significant":true},{"trait_id":"facet_trust","name":"Trust","category":"personality","percentile":0.7661913227678416,"significant":true}]},{"trait_id":"big5_neuroticism","name":"Emotional
        range","category":"personality","percentile":0.38240027823654515,"significant":true,"children":[{"trait_id":"facet_anger","name":"Fiery","category":"personality","percentile":0.7288860534901664,"significant":true},{"trait_id":"facet_anxiety","name":"Prone
        to worry","category":"personality","percentile":0.7942980318804773,"significant":true},{"trait_id":"facet_depression","name":"Melancholy","category":"personality","percentile":0.8265042212388622,"significant":true},{"trait_id":"facet_immoderation","name":"Immoderation","category":"personality","percentile":0.6965785231822063,"significant":true},{"trait_id":"facet_self_consciousness","name":"Self-consciousness","category":"personality","percentile":0.8032011749196653,"significant":true},{"trait_id":"facet_vulnerability","name":"Susceptible
        to stress","category":"personality","percentile":0.7723972022973018,"significant":true}]}],"needs":[{"trait_id":"need_challenge","name":"Challenge","category":"needs","percentile":0.4491220062003746,"significant":true},{"trait_id":"need_closeness","name":"Closeness","category":"needs","percentile":0.280611322067574,"significant":true},{"trait_id":"need_curiosity","name":"Curiosity","category":"needs","percentile":0.9271542628200309,"significant":true},{"trait_id":"need_excitement","name":"Excitement","category":"needs","percentile":0.4040733229243616,"significant":true},{"trait_id":"need_harmony","name":"Harmony","category":"needs","percentile":0.1839693319383649,"significant":true},{"trait_id":"need_ideal","name":"Ideal","category":"needs","percentile":0.33496475632411,"significant":true},{"trait_id":"need_liberty","name":"Liberty","category":"needs","percentile":0.44158625431651033,"significant":true},{"trait_id":"need_love","name":"Love","category":"needs","percentile":0.3629532757178502,"significant":true},{"trait_id":"need_practicality","name":"Practicality","category":"needs","percentile":0.9443430583748103,"significant":true},{"trait_id":"need_self_expression","name":"Self-expression","category":"needs","percentile":0.05281772983078087,"significant":true},{"trait_id":"need_stability","name":"Stability","category":"needs","percentile":0.17676861019015255,"significant":true},{"trait_id":"need_structure","name":"Structure","category":"needs","percentile":0.4835752076320925,"significant":true}],"values":[{"trait_id":"value_conservation","name":"Conservation","category":"values","percentile":0.1400296207252021,"significant":true},{"trait_id":"value_openness_to_change","name":"Openness
        to change","category":"values","percentile":0.47687814597288886,"significant":true},{"trait_id":"value_hedonism","name":"Hedonism","category":"values","percentile":0.3113478520759223,"significant":true},{"trait_id":"value_self_enhancement","name":"Self-enhancement","category":"values","percentile":0.39547642900021895,"significant":true},{"trait_id":"value_self_transcendence","name":"Self-transcendence","category":"values","percentile":0.03310830781717733,"significant":true}],"warnings":[{"warning_id":"WORD_COUNT_MESSAGE","message":"There
        were 125 words in the input. We need a minimum of 600, preferably 1,200 or
        more, to compute statistically significant estimates"}]}'
    http_version: 
  recorded_at: Thu, 31 May 2018 02:57:49 GMT
recorded_with: VCR 4.0.0
